******************************************************************************
                  TI ARM Linker PC v18.1.4                     
******************************************************************************
>> Linked Tue Dec  3 10:14:50 2019

OUTPUT FILE NAME:   <tp1.out>
ENTRY POINT SYMBOL: "_c_int00_noargs"  address: 000043b1


MEMORY CONFIGURATION

         name            origin    length      used     unused   attr    fill
----------------------  --------  ---------  --------  --------  ----  --------
  FLASH                 00000000   00040000  00004e5c  0003b1a4  R  X
  SRAM                  20000000   00008000  0000056f  00007a91  RW X


SEGMENT ALLOCATION MAP

run origin  load origin   length   init length attrs members
----------  ----------- ---------- ----------- ----- -------
00000000    00000000    00004e60   00004e60    r-x
  00000000    00000000    0000026c   0000026c    r-- .intvecs
  0000026c    0000026c    00004494   00004494    r-x .text
  00004700    00004700    0000071c   0000071c    r-- .const
  00004e20    00004e20    00000040   00000040    r-- .cinit
20000000    20000000    00000574   00000000    rw-
  20000000    20000000    0000026c   00000000    rw- .vtable
  20000270    20000270    00000200   00000000    rw- .stack
  20000470    20000470    000000ef   00000000    rw- .bss
  20000560    20000560    00000014   00000000    rw- .data


SECTION ALLOCATION MAP

 output                                  attributes/
section   page    origin      length       input sections
--------  ----  ----------  ----------   ----------------
.intvecs   0    00000000    0000026c     
                  00000000    0000026c     tm4c123gh6pm_startup_ccs.obj (.intvecs)

.text      0    0000026c    00004494     
                  0000026c    0000145c     main.obj (.text)
                  000016c8    00000738     rtsv7M4_T_le_v4SPD16_eabi.lib : k_rem_pio2.c.obj (.text:__kernel_rem_pio2)
                  00001e00    000005dc                                   : s_cos.c.obj (.text:cos)
                  000023dc    000005c4                                   : s_sin.c.obj (.text:sin)
                  000029a0    0000041c                                   : e_acos.c.obj (.text:acos)
                  00002dbc    000002ec                                   : s_atan.c.obj (.text:atan)
                  000030a8    000001b6                                   : fd_add_t2.asm.obj (.text)
                  0000325e    00000002     --HOLE-- [fill = 0]
                  00003260    00000174                                   : k_sin.c.obj (.text:__kernel_sin)
                  000033d4    0000016c                                   : k_cos.c.obj (.text:__kernel_cos)
                  00003540    00000158                                   : e_sqrt.c.obj (.text:sqrt)
                  00003698    00000136                                   : fd_div_t2.asm.obj (.text)
                  000037ce    00000132     driverlib.lib : gpio.obj (.text:GPIOPadConfigSet)
                  00003900    00000110                   : sysctl.obj (.text:SysCtlClockGet)
                  00003a10    00000110     rtsv7M4_T_le_v4SPD16_eabi.lib : s_scalbn.c.obj (.text:scalbn)
                  00003b20    000000fc                                   : fd_mul_t2.asm.obj (.text)
                  00003c1c    000000f8                                   : s_floor.c.obj (.text:floor)
                  00003d14    000000f4     driverlib.lib : sysctl.obj (.text:SysCtlClockSet)
                  00003e08    0000009c     rtsv7M4_T_le_v4SPD16_eabi.lib : memcpy_t2.asm.obj (.text)
                  00003ea4    00000086                                   : fd_cmp_t2.asm.obj (.text:__aeabi_cdcmple)
                  00003f2a    00000086                                   : fd_cmp_t2.asm.obj (.text:__aeabi_cdrcmple)
                  00003fb0    00000068     driverlib.lib : interrupt.obj (.text:IntEnable)
                  00004018    00000068     rtsv7M4_T_le_v4SPD16_eabi.lib : copy_decompress_lzss.c.obj (.text:decompress:lzss:__TI_decompress_lzss)
                  00004080    00000060     driverlib.lib : timer.obj (.text:TimerConfigure)
                  000040e0    00000056                   : gpio.obj (.text:GPIOIntTypeSet)
                  00004136    00000002     --HOLE-- [fill = 0]
                  00004138    0000004c                   : timer.obj (.text:_TimerIntNumberGet)
                  00004184    0000004c     rtsv7M4_T_le_v4SPD16_eabi.lib : atoi.c.obj (.text:atoi)
                  000041d0    00000048     driverlib.lib : gpio.obj (.text:GPIOPinConfigure)
                  00004218    00000048     rtsv7M4_T_le_v4SPD16_eabi.lib : fd_toi_t2.asm.obj (.text)
                  00004260    00000046     driverlib.lib : uart.obj (.text:UARTConfigSetExpClk)
                  000042a6    00000002     --HOLE-- [fill = 0]
                  000042a8    00000044                   : gpio.obj (.text:_GPIOIntNumberGet)
                  000042ec    00000044     rtsv7M4_T_le_v4SPD16_eabi.lib : autoinit.c.obj (.text:__TI_auto_init_nobinit_nopinit:__TI_auto_init_nobinit_nopinit)
                  00004330    00000040     driverlib.lib : uart.obj (.text:_UARTIntNumberGet)
                  00004370    00000040     rtsv7M4_T_le_v4SPD16_eabi.lib : strtok.c.obj (.text:strtok)
                  000043b0    00000038                                   : boot_cortex_m.c.obj (.text:_c_int00_noargs:_c_int00_noargs)
                  000043e8    00000034     driverlib.lib : interrupt.obj (.text:IntRegister)
                  0000441c    00000034                   : sysctl.obj (.text:SysCtlPeripheralEnable)
                  00004450    0000002e     rtsv7M4_T_le_v4SPD16_eabi.lib : i_tofd_t2.asm.obj (.text)
                  0000447e    0000002a     driverlib.lib : gpio.obj (.text:GPIODirModeSet)
                  000044a8    0000002a     rtsv7M4_T_le_v4SPD16_eabi.lib : strspn.c.obj (.text:strspn)
                  000044d2    00000024                                   : strcspn.c.obj (.text:strcspn)
                  000044f6    00000002     --HOLE-- [fill = 0]
                  000044f8    00000020     driverlib.lib : uart.obj (.text:UARTDisable)
                  00004518    00000020     rtsv7M4_T_le_v4SPD16_eabi.lib : u_tofd_t2.asm.obj (.text)
                  00004538    00000018     driverlib.lib : gpio.obj (.text:GPIOIntRegister)
                  00004550    00000018                   : gpio.obj (.text:GPIOPinTypeGPIOOutput)
                  00004568    00000018                   : timer.obj (.text:TimerDisable)
                  00004580    00000018                   : timer.obj (.text:TimerIntRegister)
                  00004598    00000018                   : uart.obj (.text:UARTIntRegister)
                  000045b0    00000014                   : uart.obj (.text:UARTEnable)
                  000045c4    00000014     rtsv7M4_T_le_v4SPD16_eabi.lib : s_copysign.c.obj (.text:copysign)
                  000045d8    00000014                                   : strcpy.c.obj (.text:strcpy)
                  000045ec    00000012     driverlib.lib : gpio.obj (.text:GPIOPinTypeGPIOInput)
                  000045fe    00000012                   : gpio.obj (.text:GPIOPinTypeUART)
                  00004610    00000012                   : timer.obj (.text:TimerLoadSet)
                  00004622    00000012     rtsv7M4_T_le_v4SPD16_eabi.lib : copy_zero_init.c.obj (.text:decompress:ZI:__TI_zero_init_nomemset:__TI_zero_init_nomemset)
                  00004634    00000010     driverlib.lib : interrupt.obj (.text:IntMasterEnable)
                  00004644    0000000e                   : gpio.obj (.text:GPIOIntStatus)
                  00004652    0000000e                   : timer.obj (.text:TimerEnable)
                  00004660    0000000e                   : uart.obj (.text:UARTCharsAvail)
                  0000466e    0000000e     rtsv7M4_T_le_v4SPD16_eabi.lib : copy_decompress_none.c.obj (.text:decompress:none:__TI_decompress_none)
                  0000467c    0000000c     driverlib.lib : cpu.obj (.text:CPUcpsie)
                  00004688    0000000c                   : gpio.obj (.text:GPIOIntEnable)
                  00004694    0000000c     tm4c123gh6pm_startup_ccs.obj (.text)
                  000046a0    0000000a     driverlib.lib : uart.obj (.text:UARTCharGet)
                  000046aa    0000000a                   : uart.obj (.text:UARTCharPut)
                  000046b4    0000000a                   : uart.obj (.text:UARTIntStatus)
                  000046be    00000008                   : timer.obj (.text:TimerIntEnable)
                  000046c6    00000008                   : uart.obj (.text:UARTIntEnable)
                  000046ce    00000002     --HOLE-- [fill = 0]
                  000046d0    00000008     rtsv7M4_T_le_v4SPD16_eabi.lib : errno.c.obj (.text:__aeabi_errno_addr)
                  000046d8    00000006     driverlib.lib : gpio.obj (.text:GPIOIntClear)
                  000046de    00000006                   : gpio.obj (.text:GPIOPinWrite)
                  000046e4    00000006                   : sysctl.obj (.text:SysCtlDelay)
                  000046ea    00000006                   : uart.obj (.text:UARTClockSourceSet)
                  000046f0    00000004                   : timer.obj (.text:TimerIntClear)
                  000046f4    00000004                   : uart.obj (.text:UARTIntClear)
                  000046f8    00000004     rtsv7M4_T_le_v4SPD16_eabi.lib : pre_init.c.obj (.text:_system_pre_init)
                  000046fc    00000004                                   : exit.c.obj (.text:abort:abort)

.const     0    00004700    0000071c     
                  00004700    00000158     rtsv7M4_T_le_v4SPD16_eabi.lib : k_rem_pio2.c.obj (.const:$O1$$)
                  00004858    00000101                                   : ctype.c.obj (.const:.string:_ctypes_)
                  00004959    00000003     --HOLE-- [fill = 0]
                  0000495c    000000d8     driverlib.lib : gpio.obj (.const:g_ppui32GPIOIntMapSnowflake)
                  00004a34    000000c0                   : gpio.obj (.const:g_ppui32GPIOIntMapBlizzard)
                  00004af4    00000004     --HOLE-- [fill = 0]
                  00004af8    00000098     rtsv7M4_T_le_v4SPD16_eabi.lib : s_atan.c.obj (.const:$O1$$)
                  00004b90    00000090     driverlib.lib : gpio.obj (.const:g_pui32GPIOBaseAddrs)
                  00004c20    00000070                   : interrupt.obj (.const)
                  00004c90    0000006c                   : sysctl.obj (.const:g_pui32Xtals)
                  00004cfc    00000060                   : timer.obj (.const:g_ppui32TimerIntMap)
                  00004d5c    00000040                   : timer.obj (.const:g_ppui32TimerIntMapSnowflake)
                  00004d9c    00000040                   : uart.obj (.const:g_ppui32UARTIntMap)
                  00004ddc    00000040                   : uart.obj (.const:g_ppui32UARTIntMapSnowflake)

.cinit     0    00004e20    00000040     
                  00004e20    0000000c     (.cinit..data.load) [load image, compression = lzss]
                  00004e2c    0000000c     (__TI_handler_table)
                  00004e38    00000008     (.cinit..bss.load) [load image, compression = zero_init]
                  00004e40    00000008     (.cinit..vtable.load) [load image, compression = zero_init]
                  00004e48    00000018     (__TI_cinit_table)

.init_array 
*          0    00000000    00000000     UNINITIALIZED

.vtable    0    20000000    0000026c     UNINITIALIZED
                  20000000    0000026c     driverlib.lib : interrupt.obj (.vtable)

.bss       0    20000470    000000ef     UNINITIALIZED
                  20000470    00000064     main.obj (.bss:Buff)
                  200004d4    00000014     (.common:chuoi)
                  200004e8    00000014     (.common:chuoi_copy)
                  200004fc    00000004     (.common:chieu_rong)
                  20000500    00000004     (.common:dem_11)
                  20000504    00000004     (.common:dem_12)
                  20000508    00000004     (.common:dem_13)
                  2000050c    00000004     (.common:dem_8)
                  20000510    00000004     (.common:dem_9)
                  20000514    00000004     (.common:khoang_cach_den_robot)
                  20000518    00000004     (.common:phan_loai)
                  2000051c    00000004     (.common:so_xung_1)
                  20000520    00000004     (.common:so_xung_2)
                  20000524    00000004     (.common:so_xung_3)
                  20000528    00000004     (.common:so_xung_4)
                  2000052c    00000004     (.common:so_xung_5)
                  20000530    00000004     (.common:so_xung_6)
                  20000534    00000004     (.common:thoi_gian_den_robot)
                  20000538    00000004     (.common:toa_do_x)
                  2000053c    00000004     (.common:toa_do_y)
                  20000540    00000004     (.common:x_1)
                  20000544    00000004     (.common:x_2)
                  20000548    00000004     (.common:x_3)
                  2000054c    00000004     (.common:x_4)
                  20000550    00000004     (.common:x_5)
                  20000554    00000004     (.common:x_6)
                  20000558    00000001     (.common:goc_dong_co_1)
                  20000559    00000001     (.common:goc_dong_co_2)
                  2000055a    00000001     (.common:goc_dong_co_3)
                  2000055b    00000001     (.common:goc_dong_co_4)
                  2000055c    00000001     (.common:l_2)
                  2000055d    00000001     (.common:l_3)
                  2000055e    00000001     (.common:loi)

.data      0    20000560    00000014     UNINITIALIZED
                  20000560    0000000a     main.obj (.data)
                  2000056a    00000002     --HOLE--
                  2000056c    00000004     rtsv7M4_T_le_v4SPD16_eabi.lib : errno.c.obj (.data)
                  20000570    00000004                                   : strtok.c.obj (.data)

.stack     0    20000270    00000200     UNINITIALIZED
                  20000270    00000004     rtsv7M4_T_le_v4SPD16_eabi.lib : boot_cortex_m.c.obj (.stack)
                  20000274    000001fc     --HOLE--

MODULE SUMMARY

       Module                         code    ro data   rw data
       ------                         ----    -------   -------
    .\
       main.obj                       5212    0         249    
       tm4c123gh6pm_startup_ccs.obj   12      620       0      
    +--+------------------------------+-------+---------+---------+
       Total:                         5224    620       249    
                                                               
    C:/ti/TivaWare_C_Series-2.1.4.178/driverlib/ccs/Debug/driverlib.lib
       gpio.obj                       696     552       0      
       interrupt.obj                  172     112       620    
       sysctl.obj                     574     108       0      
       timer.obj                      264     160       0      
       uart.obj                       272     128       0      
       cpu.obj                        12      0         0      
    +--+------------------------------+-------+---------+---------+
       Total:                         1990    1060      620    
                                                               
    C:\ti\ccsv8\tools\compiler\ti-cgt-arm_18.1.4.LTS\lib\rtsv7M4_T_le_v4SPD16_eabi.lib
       k_rem_pio2.c.obj               1848    344       0      
       s_cos.c.obj                    1500    0         0      
       s_sin.c.obj                    1476    0         0      
       e_acos.c.obj                   1052    0         0      
       s_atan.c.obj                   748     152       0      
       fd_add_t2.asm.obj              438     0         0      
       k_sin.c.obj                    372     0         0      
       k_cos.c.obj                    364     0         0      
       e_sqrt.c.obj                   344     0         0      
       fd_div_t2.asm.obj              310     0         0      
       s_scalbn.c.obj                 272     0         0      
       fd_cmp_t2.asm.obj              268     0         0      
       ctype.c.obj                    0       257       0      
       fd_mul_t2.asm.obj              252     0         0      
       s_floor.c.obj                  248     0         0      
       memcpy_t2.asm.obj              156     0         0      
       copy_decompress_lzss.c.obj     104     0         0      
       atoi.c.obj                     76      0         0      
       fd_toi_t2.asm.obj              72      0         0      
       autoinit.c.obj                 68      0         0      
       strtok.c.obj                   64      0         4      
       boot_cortex_m.c.obj            56      0         0      
       i_tofd_t2.asm.obj              46      0         0      
       strspn.c.obj                   42      0         0      
       strcspn.c.obj                  36      0         0      
       u_tofd_t2.asm.obj              32      0         0      
       s_copysign.c.obj               20      0         0      
       strcpy.c.obj                   20      0         0      
       copy_zero_init.c.obj           18      0         0      
       copy_decompress_none.c.obj     14      0         0      
       errno.c.obj                    8       0         4      
       exit.c.obj                     4       0         0      
       pre_init.c.obj                 4       0         0      
    +--+------------------------------+-------+---------+---------+
       Total:                         10332   753       8      
                                                               
       Stack:                         0       0         512    
       Linker Generated:              0       64        0      
    +--+------------------------------+-------+---------+---------+
       Grand Total:                   17546   2497      1389   


LINKER GENERATED COPY TABLES

__TI_cinit_table @ 00004e48 records: 3, size/record: 8, table size: 24
	.data: load addr=00004e20, load size=0000000c bytes, run addr=20000560, run size=00000014 bytes, compression=lzss
	.bss: load addr=00004e38, load size=00000008 bytes, run addr=20000470, run size=000000ef bytes, compression=zero_init
	.vtable: load addr=00004e40, load size=00000008 bytes, run addr=20000000, run size=0000026c bytes, compression=zero_init


LINKER GENERATED HANDLER TABLE

__TI_handler_table @ 00004e2c records: 3, size/record: 4, table size: 12
	index: 0, handler: __TI_zero_init
	index: 1, handler: __TI_decompress_lzss
	index: 2, handler: __TI_decompress_none


GLOBAL SYMBOLS: SORTED ALPHABETICALLY BY Name 

address   name                          
-------   ----                          
000046fd  C$$EXIT                       
0000467d  CPUcpsie                      
00000a2b  Config_Dong_co_1              
00000a4b  Config_Dong_co_2              
00000a6b  Config_Dong_co_3              
00000a87  Config_Dong_co_4              
00000aa3  Config_Dong_co_5              
00000ac9  Config_Dong_co_6              
00000b35  Config_Switch                 
000008bb  Config_Timer_1                
000008e5  Config_Timer_2                
0000091d  Config_Timer_3                
0000094d  Config_Timer_4                
00000977  Config_Timer_5                
000009a1  Config_Timer_6                
000009cb  Config_Timer_7                
00000a01  Config_Timer_8                
00001575  Config_UART                   
0000447f  GPIODirModeSet                
000046d9  GPIOIntClear                  
00004689  GPIOIntEnable                 
00004539  GPIOIntRegister               
00004645  GPIOIntStatus                 
000040e1  GPIOIntTypeSet                
000037cf  GPIOPadConfigSet              
000041d1  GPIOPinConfigure              
000045ed  GPIOPinTypeGPIOInput          
00004551  GPIOPinTypeGPIOOutput         
000045ff  GPIOPinTypeUART               
000046df  GPIOPinWrite                  
00000af5  Input_ISR                     
00003fb1  IntEnable                     
00004635  IntMasterEnable               
000043e9  IntRegister                   
00004695  ResetISR                      
00003901  SysCtlClockGet                
00003d15  SysCtlClockSet                
000046e5  SysCtlDelay                   
0000441d  SysCtlPeripheralEnable        
00004081  TimerConfigure                
00004569  TimerDisable                  
00004653  TimerEnable                   
000046f1  TimerIntClear                 
000046bf  TimerIntEnable                
00004581  TimerIntRegister              
00004611  TimerLoadSet                  
0000026d  Timer_ISR_1                   
00000343  Timer_ISR_2                   
00000419  Timer_ISR_3                   
000004eb  Timer_ISR_4                   
000005c9  Timer_ISR_5                   
000006b1  Timer_ISR_6                   
00000783  Timer_ISR_7                   
000007c1  Timer_ISR_8                   
000046a1  UARTCharGet                   
000046ab  UARTCharPut                   
00004661  UARTCharsAvail                
000046eb  UARTClockSourceSet            
00004261  UARTConfigSetExpClk           
000044f9  UARTDisable                   
000045b1  UARTEnable                    
00001419  UARTGetBuffer                 
000046f5  UARTIntClear                  
000046c7  UARTIntEnable                 
00004599  UARTIntRegister               
000046b5  UARTIntStatus                 
00001489  UART_ISR                      
20000470  __STACK_END                   
00000200  __STACK_SIZE                  
20000470  __STACK_TOP                   
00004e48  __TI_CINIT_Base               
00004e60  __TI_CINIT_Limit              
00004e2c  __TI_Handler_Table_Base       
00004e38  __TI_Handler_Table_Limit      
000042ed  __TI_auto_init_nobinit_nopinit
00004019  __TI_decompress_lzss          
0000466f  __TI_decompress_none          
ffffffff  __TI_pprof_out_hndl           
ffffffff  __TI_prof_data_size           
ffffffff  __TI_prof_data_start          
00000000  __TI_static_base__            
00004623  __TI_zero_init_nomemset       
00003ea5  __aeabi_cdcmpeq               
00003ea5  __aeabi_cdcmple               
00003f2b  __aeabi_cdrcmple              
00004219  __aeabi_d2iz                  
000030b3  __aeabi_dadd                  
00003699  __aeabi_ddiv                  
00003b21  __aeabi_dmul                  
000030a9  __aeabi_dsub                  
000046d1  __aeabi_errno_addr            
00004451  __aeabi_i2d                   
00003e09  __aeabi_memcpy                
00003e09  __aeabi_memcpy4               
00003e09  __aeabi_memcpy8               
00004519  __aeabi_ui2d                  
ffffffff  __binit__                     
ffffffff  __c_args__                    
000033d5  __kernel_cos                  
000016c9  __kernel_rem_pio2             
00003261  __kernel_sin                  
UNDEFED   __mpu_init                    
20000270  __stack                       
000043b1  _c_int00_noargs               
00004858  _ctypes_                      
UNDEFED   _system_post_cinit            
000046f9  _system_pre_init              
000046fd  abort                         
000029a1  acos                          
000029a1  acosl                         
00002dbd  atan                          
00002dbd  atanl                         
00004185  atoi                          
20000565  bat_dau_qua_trinh             
ffffffff  binit                         
200004fc  chieu_rong                    
00001251  chuan_bi_gap                  
20000560  chuan_bi_gap_status           
000012b3  chuan_bi_tha                  
20000563  chuan_bi_tha_status           
200004d4  chuoi                         
200004e8  chuoi_copy                    
000045c5  copysign                      
000045c5  copysignl                     
00001e01  cos                           
00001e01  cosl                          
20000500  dem_11                        
20000504  dem_12                        
20000508  dem_13                        
2000050c  dem_8                         
20000510  dem_9                         
2000056c  errno                         
00003c1d  floor                         
00003c1d  floorl                        
20000000  g_pfnRAMVectors               
00000000  g_pfnVectors                  
00001283  gap                           
20000561  gap_status                    
20000558  goc_dong_co_1                 
20000559  goc_dong_co_2                 
2000055a  goc_dong_co_3                 
2000055b  goc_dong_co_4                 
20000514  khoang_cach_den_robot         
2000055c  l_2                           
2000055d  l_3                           
00003a11  ldexp                         
00003a11  ldexpl                        
2000055e  loi                           
000015dd  main                          
00003e09  memcpy                        
20000518  phan_loai                     
00000e69  quay                          
00000b8d  quay_dong_co_1                
00000bfd  quay_dong_co_2                
00000c6d  quay_dong_co_3                
00000ced  quay_dong_co_4                
00000d55  quay_dong_co_5                
00000dc1  quay_dong_co_6                
00003a11  scalbn                        
00003a11  scalbnl                       
000023dd  sin                           
000023dd  sinl                          
20000566  so_qua                        
2000051c  so_xung_1                     
20000520  so_xung_2                     
20000524  so_xung_3                     
20000528  so_xung_4                     
2000052c  so_xung_5                     
20000530  so_xung_6                     
00003541  sqrt                          
00003541  sqrtl                         
000045d9  strcpy                        
000044d3  strcspn                       
000044a9  strspn                        
00004371  strtok                        
00001389  tha                           
20000564  tha_status                    
20000534  thoi_gian_den_robot           
20000538  toa_do_x                      
2000053c  toa_do_y                      
0000128d  trung_gian                    
20000562  trung_gian_status             
20000540  x_1                           
20000544  x_2                           
20000548  x_3                           
2000054c  x_4                           
20000550  x_5                           
20000554  x_6                           
00001399  xu_li_chuoi                   


GLOBAL SYMBOLS: SORTED BY Symbol Address 

address   name                          
-------   ----                          
00000000  __TI_static_base__            
00000000  g_pfnVectors                  
00000200  __STACK_SIZE                  
0000026d  Timer_ISR_1                   
00000343  Timer_ISR_2                   
00000419  Timer_ISR_3                   
000004eb  Timer_ISR_4                   
000005c9  Timer_ISR_5                   
000006b1  Timer_ISR_6                   
00000783  Timer_ISR_7                   
000007c1  Timer_ISR_8                   
000008bb  Config_Timer_1                
000008e5  Config_Timer_2                
0000091d  Config_Timer_3                
0000094d  Config_Timer_4                
00000977  Config_Timer_5                
000009a1  Config_Timer_6                
000009cb  Config_Timer_7                
00000a01  Config_Timer_8                
00000a2b  Config_Dong_co_1              
00000a4b  Config_Dong_co_2              
00000a6b  Config_Dong_co_3              
00000a87  Config_Dong_co_4              
00000aa3  Config_Dong_co_5              
00000ac9  Config_Dong_co_6              
00000af5  Input_ISR                     
00000b35  Config_Switch                 
00000b8d  quay_dong_co_1                
00000bfd  quay_dong_co_2                
00000c6d  quay_dong_co_3                
00000ced  quay_dong_co_4                
00000d55  quay_dong_co_5                
00000dc1  quay_dong_co_6                
00000e69  quay                          
00001251  chuan_bi_gap                  
00001283  gap                           
0000128d  trung_gian                    
000012b3  chuan_bi_tha                  
00001389  tha                           
00001399  xu_li_chuoi                   
00001419  UARTGetBuffer                 
00001489  UART_ISR                      
00001575  Config_UART                   
000015dd  main                          
000016c9  __kernel_rem_pio2             
00001e01  cos                           
00001e01  cosl                          
000023dd  sin                           
000023dd  sinl                          
000029a1  acos                          
000029a1  acosl                         
00002dbd  atan                          
00002dbd  atanl                         
000030a9  __aeabi_dsub                  
000030b3  __aeabi_dadd                  
00003261  __kernel_sin                  
000033d5  __kernel_cos                  
00003541  sqrt                          
00003541  sqrtl                         
00003699  __aeabi_ddiv                  
000037cf  GPIOPadConfigSet              
00003901  SysCtlClockGet                
00003a11  ldexp                         
00003a11  ldexpl                        
00003a11  scalbn                        
00003a11  scalbnl                       
00003b21  __aeabi_dmul                  
00003c1d  floor                         
00003c1d  floorl                        
00003d15  SysCtlClockSet                
00003e09  __aeabi_memcpy                
00003e09  __aeabi_memcpy4               
00003e09  __aeabi_memcpy8               
00003e09  memcpy                        
00003ea5  __aeabi_cdcmpeq               
00003ea5  __aeabi_cdcmple               
00003f2b  __aeabi_cdrcmple              
00003fb1  IntEnable                     
00004019  __TI_decompress_lzss          
00004081  TimerConfigure                
000040e1  GPIOIntTypeSet                
00004185  atoi                          
000041d1  GPIOPinConfigure              
00004219  __aeabi_d2iz                  
00004261  UARTConfigSetExpClk           
000042ed  __TI_auto_init_nobinit_nopinit
00004371  strtok                        
000043b1  _c_int00_noargs               
000043e9  IntRegister                   
0000441d  SysCtlPeripheralEnable        
00004451  __aeabi_i2d                   
0000447f  GPIODirModeSet                
000044a9  strspn                        
000044d3  strcspn                       
000044f9  UARTDisable                   
00004519  __aeabi_ui2d                  
00004539  GPIOIntRegister               
00004551  GPIOPinTypeGPIOOutput         
00004569  TimerDisable                  
00004581  TimerIntRegister              
00004599  UARTIntRegister               
000045b1  UARTEnable                    
000045c5  copysign                      
000045c5  copysignl                     
000045d9  strcpy                        
000045ed  GPIOPinTypeGPIOInput          
000045ff  GPIOPinTypeUART               
00004611  TimerLoadSet                  
00004623  __TI_zero_init_nomemset       
00004635  IntMasterEnable               
00004645  GPIOIntStatus                 
00004653  TimerEnable                   
00004661  UARTCharsAvail                
0000466f  __TI_decompress_none          
0000467d  CPUcpsie                      
00004689  GPIOIntEnable                 
00004695  ResetISR                      
000046a1  UARTCharGet                   
000046ab  UARTCharPut                   
000046b5  UARTIntStatus                 
000046bf  TimerIntEnable                
000046c7  UARTIntEnable                 
000046d1  __aeabi_errno_addr            
000046d9  GPIOIntClear                  
000046df  GPIOPinWrite                  
000046e5  SysCtlDelay                   
000046eb  UARTClockSourceSet            
000046f1  TimerIntClear                 
000046f5  UARTIntClear                  
000046f9  _system_pre_init              
000046fd  C$$EXIT                       
000046fd  abort                         
00004858  _ctypes_                      
00004e2c  __TI_Handler_Table_Base       
00004e38  __TI_Handler_Table_Limit      
00004e48  __TI_CINIT_Base               
00004e60  __TI_CINIT_Limit              
20000000  g_pfnRAMVectors               
20000270  __stack                       
20000470  __STACK_END                   
20000470  __STACK_TOP                   
200004d4  chuoi                         
200004e8  chuoi_copy                    
200004fc  chieu_rong                    
20000500  dem_11                        
20000504  dem_12                        
20000508  dem_13                        
2000050c  dem_8                         
20000510  dem_9                         
20000514  khoang_cach_den_robot         
20000518  phan_loai                     
2000051c  so_xung_1                     
20000520  so_xung_2                     
20000524  so_xung_3                     
20000528  so_xung_4                     
2000052c  so_xung_5                     
20000530  so_xung_6                     
20000534  thoi_gian_den_robot           
20000538  toa_do_x                      
2000053c  toa_do_y                      
20000540  x_1                           
20000544  x_2                           
20000548  x_3                           
2000054c  x_4                           
20000550  x_5                           
20000554  x_6                           
20000558  goc_dong_co_1                 
20000559  goc_dong_co_2                 
2000055a  goc_dong_co_3                 
2000055b  goc_dong_co_4                 
2000055c  l_2                           
2000055d  l_3                           
2000055e  loi                           
20000560  chuan_bi_gap_status           
20000561  gap_status                    
20000562  trung_gian_status             
20000563  chuan_bi_tha_status           
20000564  tha_status                    
20000565  bat_dau_qua_trinh             
20000566  so_qua                        
2000056c  errno                         
ffffffff  __TI_pprof_out_hndl           
ffffffff  __TI_prof_data_size           
ffffffff  __TI_prof_data_start          
ffffffff  __binit__                     
ffffffff  __c_args__                    
ffffffff  binit                         
UNDEFED   __mpu_init                    
UNDEFED   _system_post_cinit            

[189 symbols]
