******************************************************************************
                  TI ARM Linker PC v18.1.4                     
******************************************************************************
>> Linked Sat Dec 21 14:15:24 2019

OUTPUT FILE NAME:   <tp1_v2.0.out>
ENTRY POINT SYMBOL: "_c_int00_noargs"  address: 00003e4d


MEMORY CONFIGURATION

         name            origin    length      used     unused   attr    fill
----------------------  --------  ---------  --------  --------  ----  --------
  FLASH                 00000000   00040000  0000476c  0003b894  R  X
  SRAM                  20000000   00008000  00000626  000079da  RW X


SEGMENT ALLOCATION MAP

run origin  load origin   length   init length attrs members
----------  ----------- ---------- ----------- ----- -------
00000000    00000000    00004770   00004770    r-x
  00000000    00000000    0000026c   0000026c    r-- .intvecs
  0000026c    0000026c    00003efc   00003efc    r-x .text
  00004168    00004168    000005c4   000005c4    r-- .const
  00004730    00004730    00000040   00000040    r-- .cinit
20000000    20000000    0000062a   00000000    rw-
  20000000    20000000    0000026c   00000000    rw- .vtable
  20000270    20000270    00000200   00000000    rw- .stack
  20000470    20000470    000001b0   00000000    rw- .bss
  20000620    20000620    0000000a   00000000    rw- .data


SECTION ALLOCATION MAP

 output                                  attributes/
section   page    origin      length       input sections
--------  ----  ----------  ----------   ----------------
.intvecs   0    00000000    0000026c     
                  00000000    0000026c     tm4c123gh6pm_startup_ccs.obj (.intvecs)

.text      0    0000026c    00003efc     
                  0000026c    00002280     main.obj (.text)
                  000024ec    0000041c     rtsv7M4_T_le_v4SPD16_eabi.lib : e_acos.c.obj (.text:acos)
                  00002908    000003d4                                   : e_asin.c.obj (.text:asin)
                  00002cdc    000002ec                                   : s_atan.c.obj (.text:atan)
                  00002fc8    000001b6                                   : fd_add_t2.asm.obj (.text)
                  0000317e    00000002     --HOLE-- [fill = 0]
                  00003180    00000158                                   : e_sqrt.c.obj (.text:sqrt)
                  000032d8    00000136                                   : fd_div_t2.asm.obj (.text)
                  0000340e    00000132     driverlib.lib : gpio.obj (.text:GPIOPadConfigSet)
                  00003540    00000110                   : sysctl.obj (.text:SysCtlClockGet)
                  00003650    000000fc     rtsv7M4_T_le_v4SPD16_eabi.lib : fd_mul_t2.asm.obj (.text)
                  0000374c    000000f4     driverlib.lib : sysctl.obj (.text:SysCtlClockSet)
                  00003840    0000009c     rtsv7M4_T_le_v4SPD16_eabi.lib : memcpy_t2.asm.obj (.text)
                  000038dc    00000086                                   : fd_cmp_t2.asm.obj (.text:__aeabi_cdrcmple)
                  00003962    0000007a                                   : memset_t2.asm.obj (.text)
                  000039dc    0000006e                                   : fd_tos_t2.asm.obj (.text)
                  00003a4a    00000002     --HOLE-- [fill = 0]
                  00003a4c    00000068     driverlib.lib : interrupt.obj (.text:IntEnable)
                  00003ab4    00000068     rtsv7M4_T_le_v4SPD16_eabi.lib : copy_decompress_lzss.c.obj (.text:decompress:lzss:__TI_decompress_lzss)
                  00003b1c    00000060     driverlib.lib : timer.obj (.text:TimerConfigure)
                  00003b7c    00000056                   : gpio.obj (.text:GPIOIntTypeSet)
                  00003bd2    00000002     --HOLE-- [fill = 0]
                  00003bd4    0000004c                   : timer.obj (.text:_TimerIntNumberGet)
                  00003c20    0000004c     rtsv7M4_T_le_v4SPD16_eabi.lib : atoi.c.obj (.text:atoi)
                  00003c6c    00000048     driverlib.lib : gpio.obj (.text:GPIOPinConfigure)
                  00003cb4    00000048     rtsv7M4_T_le_v4SPD16_eabi.lib : fd_toi_t2.asm.obj (.text)
                  00003cfc    00000046     driverlib.lib : uart.obj (.text:UARTConfigSetExpClk)
                  00003d42    00000002     --HOLE-- [fill = 0]
                  00003d44    00000044                   : gpio.obj (.text:_GPIOIntNumberGet)
                  00003d88    00000044     rtsv7M4_T_le_v4SPD16_eabi.lib : autoinit.c.obj (.text:__TI_auto_init_nobinit_nopinit:__TI_auto_init_nobinit_nopinit)
                  00003dcc    00000040     driverlib.lib : uart.obj (.text:_UARTIntNumberGet)
                  00003e0c    00000040     rtsv7M4_T_le_v4SPD16_eabi.lib : strtok.c.obj (.text:strtok)
                  00003e4c    00000038                                   : boot_cortex_m.c.obj (.text:_c_int00_noargs:_c_int00_noargs)
                  00003e84    00000038                                   : fs_tod_t2.asm.obj (.text)
                  00003ebc    00000034     driverlib.lib : interrupt.obj (.text:IntRegister)
                  00003ef0    00000034                   : sysctl.obj (.text:SysCtlPeripheralEnable)
                  00003f24    0000002a                   : gpio.obj (.text:GPIODirModeSet)
                  00003f4e    0000002a     rtsv7M4_T_le_v4SPD16_eabi.lib : strspn.c.obj (.text:strspn)
                  00003f78    00000024                                   : strcspn.c.obj (.text:strcspn)
                  00003f9c    00000020     driverlib.lib : uart.obj (.text:UARTDisable)
                  00003fbc    00000018                   : gpio.obj (.text:GPIOIntRegister)
                  00003fd4    00000018                   : gpio.obj (.text:GPIOPinTypeGPIOOutput)
                  00003fec    00000018                   : timer.obj (.text:TimerDisable)
                  00004004    00000018                   : timer.obj (.text:TimerIntRegister)
                  0000401c    00000018                   : uart.obj (.text:UARTIntRegister)
                  00004034    00000014                   : uart.obj (.text:UARTEnable)
                  00004048    00000014     rtsv7M4_T_le_v4SPD16_eabi.lib : strcpy.c.obj (.text:strcpy)
                  0000405c    00000012     driverlib.lib : gpio.obj (.text:GPIOPinTypeGPIOInput)
                  0000406e    00000012                   : gpio.obj (.text:GPIOPinTypeUART)
                  00004080    00000012                   : timer.obj (.text:TimerLoadSet)
                  00004092    00000010                   : interrupt.obj (.text:IntMasterEnable)
                  000040a2    0000000e                   : gpio.obj (.text:GPIOIntStatus)
                  000040b0    0000000e                   : timer.obj (.text:TimerEnable)
                  000040be    0000000e                   : uart.obj (.text:UARTCharsAvail)
                  000040cc    0000000e     rtsv7M4_T_le_v4SPD16_eabi.lib : copy_decompress_none.c.obj (.text:decompress:none:__TI_decompress_none)
                  000040da    0000000c     driverlib.lib : cpu.obj (.text:CPUcpsie)
                  000040e6    0000000c                   : gpio.obj (.text:GPIOIntEnable)
                  000040f2    0000000c     rtsv7M4_T_le_v4SPD16_eabi.lib : copy_zero_init.c.obj (.text:decompress:ZI:__TI_zero_init)
                  000040fe    0000000c     tm4c123gh6pm_startup_ccs.obj (.text)
                  0000410a    0000000a     driverlib.lib : uart.obj (.text:UARTCharGet)
                  00004114    0000000a                   : uart.obj (.text:UARTCharPut)
                  0000411e    0000000a                   : uart.obj (.text:UARTIntStatus)
                  00004128    00000008                   : timer.obj (.text:TimerIntEnable)
                  00004130    00000008                   : uart.obj (.text:UARTIntEnable)
                  00004138    00000008     rtsv7M4_T_le_v4SPD16_eabi.lib : errno.c.obj (.text:__aeabi_errno_addr)
                  00004140    00000006     driverlib.lib : gpio.obj (.text:GPIOIntClear)
                  00004146    00000006                   : gpio.obj (.text:GPIOPinWrite)
                  0000414c    00000006                   : sysctl.obj (.text:SysCtlDelay)
                  00004152    00000006                   : uart.obj (.text:UARTClockSourceSet)
                  00004158    00000004                   : timer.obj (.text:TimerIntClear)
                  0000415c    00000004                   : uart.obj (.text:UARTIntClear)
                  00004160    00000004     rtsv7M4_T_le_v4SPD16_eabi.lib : pre_init.c.obj (.text:_system_pre_init)
                  00004164    00000004                                   : exit.c.obj (.text:abort:abort)

.const     0    00004168    000005c4     
                  00004168    00000101     rtsv7M4_T_le_v4SPD16_eabi.lib : ctype.c.obj (.const:.string:_ctypes_)
                  00004269    00000003     --HOLE-- [fill = 0]
                  0000426c    000000d8     driverlib.lib : gpio.obj (.const:g_ppui32GPIOIntMapSnowflake)
                  00004344    000000c0                   : gpio.obj (.const:g_ppui32GPIOIntMapBlizzard)
                  00004404    00000004     --HOLE-- [fill = 0]
                  00004408    00000098     rtsv7M4_T_le_v4SPD16_eabi.lib : s_atan.c.obj (.const:$O1$$)
                  000044a0    00000090     driverlib.lib : gpio.obj (.const:g_pui32GPIOBaseAddrs)
                  00004530    00000070                   : interrupt.obj (.const)
                  000045a0    0000006c                   : sysctl.obj (.const:g_pui32Xtals)
                  0000460c    00000060                   : timer.obj (.const:g_ppui32TimerIntMap)
                  0000466c    00000040                   : timer.obj (.const:g_ppui32TimerIntMapSnowflake)
                  000046ac    00000040                   : uart.obj (.const:g_ppui32UARTIntMap)
                  000046ec    00000040                   : uart.obj (.const:g_ppui32UARTIntMapSnowflake)

.cinit     0    00004730    00000040     
                  00004730    0000000c     (__TI_handler_table)
                  0000473c    00000004     --HOLE-- [fill = 0]
                  00004740    00000008     (.cinit..bss.load) [load image, compression = zero_init]
                  00004748    00000008     (.cinit..vtable.load) [load image, compression = zero_init]
                  00004750    00000007     (.cinit..data.load) [load image, compression = lzss]
                  00004757    00000001     --HOLE-- [fill = 0]
                  00004758    00000018     (__TI_cinit_table)

.init_array 
*          0    00000000    00000000     UNINITIALIZED

.vtable    0    20000000    0000026c     UNINITIALIZED
                  20000000    0000026c     driverlib.lib : interrupt.obj (.vtable)

.bss       0    20000470    000001b0     UNINITIALIZED
                  20000470    00000064     main.obj (.bss:Buff)
                  200004d4    00000064     (.common:d_UARTData)
                  20000538    00000064     (.common:d_UARTDataToProcess)
                  2000059c    00000010     (.common:d_ClassifiedType)
                  200005ac    00000010     (.common:d_ObjectWidth)
                  200005bc    00000004     (.common:Reserved_Error)
                  200005c0    00000004     (.common:d_AngleRotating_1)
                  200005c4    00000004     (.common:d_AngleRotating_2)
                  200005c8    00000004     (.common:d_AngleRotating_3)
                  200005cc    00000004     (.common:d_AngleRotating_4)
                  200005d0    00000004     (.common:d_AngleRotating_5)
                  200005d4    00000004     (.common:d_AngleRotating_6)
                  200005d8    00000004     (.common:d_PreviousAngle_1)
                  200005dc    00000004     (.common:d_PreviousAngle_2)
                  200005e0    00000004     (.common:d_PreviousAngle_3)
                  200005e4    00000004     (.common:d_PreviousAngle_4)
                  200005e8    00000004     (.common:d_PreviousAngle_5)
                  200005ec    00000004     (.common:d_PreviousAngle_6)
                  200005f0    00000004     (.common:first_time)
                  200005f4    00000004     (.common:g_NumOfPulses_1)
                  200005f8    00000004     (.common:g_NumOfPulses_2)
                  200005fc    00000004     (.common:g_NumOfPulses_3)
                  20000600    00000004     (.common:g_NumOfPulses_4)
                  20000604    00000004     (.common:g_NumOfPulses_5)
                  20000608    00000004     (.common:g_NumOfPulses_6)
                  2000060c    00000004     (.common:l2)
                  20000610    00000004     (.common:l3)
                  20000614    00000004     (.common:n_EventCounter)
                  20000618    00000004     (.common:n_PhaseCounter)
                  2000061c    00000001     (.common:d_AngleCalculated_1)
                  2000061d    00000001     (.common:d_AngleCalculated_2)
                  2000061e    00000001     (.common:d_AngleCalculated_3)
                  2000061f    00000001     (.common:n_Delay_i)

.data      0    20000620    0000000a     UNINITIALIZED
                  20000620    00000004     rtsv7M4_T_le_v4SPD16_eabi.lib : errno.c.obj (.data)
                  20000624    00000004                                   : strtok.c.obj (.data)
                  20000628    00000002     main.obj (.data)

.stack     0    20000270    00000200     UNINITIALIZED
                  20000270    00000004     rtsv7M4_T_le_v4SPD16_eabi.lib : boot_cortex_m.c.obj (.stack)
                  20000274    000001fc     --HOLE--

MODULE SUMMARY

       Module                         code    ro data   rw data
       ------                         ----    -------   -------
    .\
       main.obj                       8832    0         434    
       tm4c123gh6pm_startup_ccs.obj   12      620       0      
    +--+------------------------------+-------+---------+---------+
       Total:                         8844    620       434    
                                                               
    C:/ti/TivaWare_C_Series-2.1.4.178/driverlib/ccs/Debug/driverlib.lib
       gpio.obj                       696     552       0      
       interrupt.obj                  172     112       620    
       sysctl.obj                     574     108       0      
       timer.obj                      264     160       0      
       uart.obj                       272     128       0      
       cpu.obj                        12      0         0      
    +--+------------------------------+-------+---------+---------+
       Total:                         1990    1060      620    
                                                               
    C:\ti\ccsv8\tools\compiler\ti-cgt-arm_18.1.4.LTS\lib\rtsv7M4_T_le_v4SPD16_eabi.lib
       e_acos.c.obj                   1052    0         0      
       e_asin.c.obj                   980     0         0      
       s_atan.c.obj                   748     152       0      
       fd_add_t2.asm.obj              438     0         0      
       e_sqrt.c.obj                   344     0         0      
       fd_div_t2.asm.obj              310     0         0      
       ctype.c.obj                    0       257       0      
       fd_mul_t2.asm.obj              252     0         0      
       memcpy_t2.asm.obj              156     0         0      
       fd_cmp_t2.asm.obj              134     0         0      
       memset_t2.asm.obj              122     0         0      
       fd_tos_t2.asm.obj              110     0         0      
       copy_decompress_lzss.c.obj     104     0         0      
       atoi.c.obj                     76      0         0      
       fd_toi_t2.asm.obj              72      0         0      
       autoinit.c.obj                 68      0         0      
       strtok.c.obj                   64      0         4      
       boot_cortex_m.c.obj            56      0         0      
       fs_tod_t2.asm.obj              56      0         0      
       strspn.c.obj                   42      0         0      
       strcspn.c.obj                  36      0         0      
       strcpy.c.obj                   20      0         0      
       copy_decompress_none.c.obj     14      0         0      
       copy_zero_init.c.obj           12      0         0      
       errno.c.obj                    8       0         4      
       exit.c.obj                     4       0         0      
       pre_init.c.obj                 4       0         0      
    +--+------------------------------+-------+---------+---------+
       Total:                         5282    409       8      
                                                               
       Stack:                         0       0         512    
       Linker Generated:              0       59        0      
    +--+------------------------------+-------+---------+---------+
       Grand Total:                   16116   2148      1574   


LINKER GENERATED COPY TABLES

__TI_cinit_table @ 00004758 records: 3, size/record: 8, table size: 24
	.bss: load addr=00004740, load size=00000008 bytes, run addr=20000470, run size=000001b0 bytes, compression=zero_init
	.vtable: load addr=00004748, load size=00000008 bytes, run addr=20000000, run size=0000026c bytes, compression=zero_init
	.data: load addr=00004750, load size=00000007 bytes, run addr=20000620, run size=0000000a bytes, compression=lzss


LINKER GENERATED HANDLER TABLE

__TI_handler_table @ 00004730 records: 3, size/record: 4, table size: 12
	index: 0, handler: __TI_zero_init
	index: 1, handler: __TI_decompress_lzss
	index: 2, handler: __TI_decompress_none


GLOBAL SYMBOLS: SORTED ALPHABETICALLY BY Name 

address   name                          
-------   ----                          
00000c9d  AdvancedRotateServoMotor_1    
00001c1d  AdvancedRotateServoMotor_1_2_3
00000f3d  AdvancedRotateServoMotor_2    
000011e1  AdvancedRotateServoMotor_3    
00001485  AdvancedRotateServoMotor_4    
0000172d  AdvancedRotateServoMotor_5    
000019cd  AdvancedRotateServoMotor_6    
00004165  C$$EXIT                       
000040db  CPUcpsie                      
000008b1  ClassificationProcess         
00000a9d  ConfigServoMotor_1            
00000abd  ConfigServoMotor_2            
00000add  ConfigServoMotor_3            
00000af9  ConfigServoMotor_4            
00000b19  ConfigServoMotor_5            
00000b41  ConfigServoMotor_6            
00000b75  ConfigSwitch                  
00000935  ConfigTimer_1                 
0000095f  ConfigTimer_2                 
00000989  ConfigTimer_3                 
000009c1  ConfigTimer_4                 
000009eb  ConfigTimer_5                 
00000a15  ConfigTimer_6                 
00000a3f  ConfigTimer_7                 
00000a69  ConfigTimer_8                 
00002361  ConfigUART                    
000007ad  DelayFunction                 
00003f25  GPIODirModeSet                
00004141  GPIOIntClear                  
000040e7  GPIOIntEnable                 
00003fbd  GPIOIntRegister               
000040a3  GPIOIntStatus                 
00003b7d  GPIOIntTypeSet                
0000340f  GPIOPadConfigSet              
00003c6d  GPIOPinConfigure              
0000405d  GPIOPinTypeGPIOInput          
00003fd5  GPIOPinTypeGPIOOutput         
0000406f  GPIOPinTypeUART               
00004147  GPIOPinWrite                  
0000212f  GrabStep                      
00000b5d  Input_ISR                     
00003a4d  IntEnable                     
00004093  IntMasterEnable               
00003ebd  IntRegister                   
00002151  MiddleStep                    
0000209d  PreGrabStep                   
00002161  PreReleaseStep                
000021ef  ReleaseStep                   
200005bc  Reserved_Error                
000040ff  ResetISR                      
00000bbd  RotateServoMotor_1            
00000edd  RotateServoMotor_2            
00001175  RotateServoMotor_3            
00001419  RotateServoMotor_4            
000016c1  RotateServoMotor_5            
00001969  RotateServoMotor_6            
0000205f  StartStep                     
00003541  SysCtlClockGet                
0000374d  SysCtlClockSet                
0000414d  SysCtlDelay                   
00003ef1  SysCtlPeripheralEnable        
00003b1d  TimerConfigure                
00003fed  TimerDisable                  
000040b1  TimerEnable                   
00004159  TimerIntClear                 
00004129  TimerIntEnable                
00004005  TimerIntRegister              
00004081  TimerLoadSet                  
0000026d  Timer_ISR_1                   
00000343  Timer_ISR_2                   
00000419  Timer_ISR_3                   
000004eb  Timer_ISR_4                   
000005c9  Timer_ISR_5                   
000006b1  Timer_ISR_6                   
00000783  Timer_ISR_7                   
0000088b  Timer_ISR_8                   
00000801  Timer_ISR_8_Reserved          
0000410b  UARTCharGet                   
00004115  UARTCharPut                   
000040bf  UARTCharsAvail                
00004153  UARTClockSourceSet            
00003cfd  UARTConfigSetExpClk           
00002209  UARTDataProcessing            
00003f9d  UARTDisable                   
00004035  UARTEnable                    
000022ad  UARTGetBuffer                 
0000415d  UARTIntClear                  
00004131  UARTIntEnable                 
0000401d  UARTIntRegister               
0000411f  UARTIntStatus                 
00002311  UART_ISR                      
20000470  __STACK_END                   
00000200  __STACK_SIZE                  
20000470  __STACK_TOP                   
00004758  __TI_CINIT_Base               
00004770  __TI_CINIT_Limit              
00004730  __TI_Handler_Table_Base       
0000473c  __TI_Handler_Table_Limit      
00003d89  __TI_auto_init_nobinit_nopinit
00003ab5  __TI_decompress_lzss          
000040cd  __TI_decompress_none          
ffffffff  __TI_pprof_out_hndl           
ffffffff  __TI_prof_data_size           
ffffffff  __TI_prof_data_start          
00000000  __TI_static_base__            
000040f3  __TI_zero_init                
000038dd  __aeabi_cdrcmple              
000039dd  __aeabi_d2f                   
00003cb5  __aeabi_d2iz                  
00002fd3  __aeabi_dadd                  
000032d9  __aeabi_ddiv                  
00003651  __aeabi_dmul                  
00002fc9  __aeabi_dsub                  
00004139  __aeabi_errno_addr            
00003e85  __aeabi_f2d                   
00003963  __aeabi_memclr                
00003963  __aeabi_memclr4               
00003963  __aeabi_memclr8               
00003841  __aeabi_memcpy                
00003841  __aeabi_memcpy4               
00003841  __aeabi_memcpy8               
00003965  __aeabi_memset                
00003965  __aeabi_memset4               
00003965  __aeabi_memset8               
ffffffff  __binit__                     
ffffffff  __c_args__                    
UNDEFED   __mpu_init                    
20000270  __stack                       
00003e4d  _c_int00_noargs               
00004168  _ctypes_                      
UNDEFED   _system_post_cinit            
00004161  _system_pre_init              
00004165  abort                         
000024ed  acos                          
000024ed  acosl                         
00002909  asin                          
00002909  asinl                         
00002cdd  atan                          
00002cdd  atanl                         
00003c21  atoi                          
ffffffff  binit                         
2000061c  d_AngleCalculated_1           
2000061d  d_AngleCalculated_2           
2000061e  d_AngleCalculated_3           
200005c0  d_AngleRotating_1             
200005c4  d_AngleRotating_2             
200005c8  d_AngleRotating_3             
200005cc  d_AngleRotating_4             
200005d0  d_AngleRotating_5             
200005d4  d_AngleRotating_6             
2000059c  d_ClassifiedType              
200005ac  d_ObjectWidth                 
200005d8  d_PreviousAngle_1             
200005dc  d_PreviousAngle_2             
200005e0  d_PreviousAngle_3             
200005e4  d_PreviousAngle_4             
200005e8  d_PreviousAngle_5             
200005ec  d_PreviousAngle_6             
200004d4  d_UARTData                    
20000538  d_UARTDataToProcess           
20000620  errno                         
200005f0  first_time                    
200005f4  g_NumOfPulses_1               
200005f8  g_NumOfPulses_2               
200005fc  g_NumOfPulses_3               
20000600  g_NumOfPulses_4               
20000604  g_NumOfPulses_5               
20000608  g_NumOfPulses_6               
20000000  g_pfnRAMVectors               
00000000  g_pfnVectors                  
2000060c  l2                            
20000610  l3                            
000023d5  main                          
00003841  memcpy                        
0000396b  memset                        
2000061f  n_Delay_i                     
20000614  n_EventCounter                
20000618  n_PhaseCounter                
00003181  sqrt                          
00003181  sqrtl                         
00004049  strcpy                        
00003f79  strcspn                       
00003f4f  strspn                        
00003e0d  strtok                        


GLOBAL SYMBOLS: SORTED BY Symbol Address 

address   name                          
-------   ----                          
00000000  __TI_static_base__            
00000000  g_pfnVectors                  
00000200  __STACK_SIZE                  
0000026d  Timer_ISR_1                   
00000343  Timer_ISR_2                   
00000419  Timer_ISR_3                   
000004eb  Timer_ISR_4                   
000005c9  Timer_ISR_5                   
000006b1  Timer_ISR_6                   
00000783  Timer_ISR_7                   
000007ad  DelayFunction                 
00000801  Timer_ISR_8_Reserved          
0000088b  Timer_ISR_8                   
000008b1  ClassificationProcess         
00000935  ConfigTimer_1                 
0000095f  ConfigTimer_2                 
00000989  ConfigTimer_3                 
000009c1  ConfigTimer_4                 
000009eb  ConfigTimer_5                 
00000a15  ConfigTimer_6                 
00000a3f  ConfigTimer_7                 
00000a69  ConfigTimer_8                 
00000a9d  ConfigServoMotor_1            
00000abd  ConfigServoMotor_2            
00000add  ConfigServoMotor_3            
00000af9  ConfigServoMotor_4            
00000b19  ConfigServoMotor_5            
00000b41  ConfigServoMotor_6            
00000b5d  Input_ISR                     
00000b75  ConfigSwitch                  
00000bbd  RotateServoMotor_1            
00000c9d  AdvancedRotateServoMotor_1    
00000edd  RotateServoMotor_2            
00000f3d  AdvancedRotateServoMotor_2    
00001175  RotateServoMotor_3            
000011e1  AdvancedRotateServoMotor_3    
00001419  RotateServoMotor_4            
00001485  AdvancedRotateServoMotor_4    
000016c1  RotateServoMotor_5            
0000172d  AdvancedRotateServoMotor_5    
00001969  RotateServoMotor_6            
000019cd  AdvancedRotateServoMotor_6    
00001c1d  AdvancedRotateServoMotor_1_2_3
0000205f  StartStep                     
0000209d  PreGrabStep                   
0000212f  GrabStep                      
00002151  MiddleStep                    
00002161  PreReleaseStep                
000021ef  ReleaseStep                   
00002209  UARTDataProcessing            
000022ad  UARTGetBuffer                 
00002311  UART_ISR                      
00002361  ConfigUART                    
000023d5  main                          
000024ed  acos                          
000024ed  acosl                         
00002909  asin                          
00002909  asinl                         
00002cdd  atan                          
00002cdd  atanl                         
00002fc9  __aeabi_dsub                  
00002fd3  __aeabi_dadd                  
00003181  sqrt                          
00003181  sqrtl                         
000032d9  __aeabi_ddiv                  
0000340f  GPIOPadConfigSet              
00003541  SysCtlClockGet                
00003651  __aeabi_dmul                  
0000374d  SysCtlClockSet                
00003841  __aeabi_memcpy                
00003841  __aeabi_memcpy4               
00003841  __aeabi_memcpy8               
00003841  memcpy                        
000038dd  __aeabi_cdrcmple              
00003963  __aeabi_memclr                
00003963  __aeabi_memclr4               
00003963  __aeabi_memclr8               
00003965  __aeabi_memset                
00003965  __aeabi_memset4               
00003965  __aeabi_memset8               
0000396b  memset                        
000039dd  __aeabi_d2f                   
00003a4d  IntEnable                     
00003ab5  __TI_decompress_lzss          
00003b1d  TimerConfigure                
00003b7d  GPIOIntTypeSet                
00003c21  atoi                          
00003c6d  GPIOPinConfigure              
00003cb5  __aeabi_d2iz                  
00003cfd  UARTConfigSetExpClk           
00003d89  __TI_auto_init_nobinit_nopinit
00003e0d  strtok                        
00003e4d  _c_int00_noargs               
00003e85  __aeabi_f2d                   
00003ebd  IntRegister                   
00003ef1  SysCtlPeripheralEnable        
00003f25  GPIODirModeSet                
00003f4f  strspn                        
00003f79  strcspn                       
00003f9d  UARTDisable                   
00003fbd  GPIOIntRegister               
00003fd5  GPIOPinTypeGPIOOutput         
00003fed  TimerDisable                  
00004005  TimerIntRegister              
0000401d  UARTIntRegister               
00004035  UARTEnable                    
00004049  strcpy                        
0000405d  GPIOPinTypeGPIOInput          
0000406f  GPIOPinTypeUART               
00004081  TimerLoadSet                  
00004093  IntMasterEnable               
000040a3  GPIOIntStatus                 
000040b1  TimerEnable                   
000040bf  UARTCharsAvail                
000040cd  __TI_decompress_none          
000040db  CPUcpsie                      
000040e7  GPIOIntEnable                 
000040f3  __TI_zero_init                
000040ff  ResetISR                      
0000410b  UARTCharGet                   
00004115  UARTCharPut                   
0000411f  UARTIntStatus                 
00004129  TimerIntEnable                
00004131  UARTIntEnable                 
00004139  __aeabi_errno_addr            
00004141  GPIOIntClear                  
00004147  GPIOPinWrite                  
0000414d  SysCtlDelay                   
00004153  UARTClockSourceSet            
00004159  TimerIntClear                 
0000415d  UARTIntClear                  
00004161  _system_pre_init              
00004165  C$$EXIT                       
00004165  abort                         
00004168  _ctypes_                      
00004730  __TI_Handler_Table_Base       
0000473c  __TI_Handler_Table_Limit      
00004758  __TI_CINIT_Base               
00004770  __TI_CINIT_Limit              
20000000  g_pfnRAMVectors               
20000270  __stack                       
20000470  __STACK_END                   
20000470  __STACK_TOP                   
200004d4  d_UARTData                    
20000538  d_UARTDataToProcess           
2000059c  d_ClassifiedType              
200005ac  d_ObjectWidth                 
200005bc  Reserved_Error                
200005c0  d_AngleRotating_1             
200005c4  d_AngleRotating_2             
200005c8  d_AngleRotating_3             
200005cc  d_AngleRotating_4             
200005d0  d_AngleRotating_5             
200005d4  d_AngleRotating_6             
200005d8  d_PreviousAngle_1             
200005dc  d_PreviousAngle_2             
200005e0  d_PreviousAngle_3             
200005e4  d_PreviousAngle_4             
200005e8  d_PreviousAngle_5             
200005ec  d_PreviousAngle_6             
200005f0  first_time                    
200005f4  g_NumOfPulses_1               
200005f8  g_NumOfPulses_2               
200005fc  g_NumOfPulses_3               
20000600  g_NumOfPulses_4               
20000604  g_NumOfPulses_5               
20000608  g_NumOfPulses_6               
2000060c  l2                            
20000610  l3                            
20000614  n_EventCounter                
20000618  n_PhaseCounter                
2000061c  d_AngleCalculated_1           
2000061d  d_AngleCalculated_2           
2000061e  d_AngleCalculated_3           
2000061f  n_Delay_i                     
20000620  errno                         
ffffffff  __TI_pprof_out_hndl           
ffffffff  __TI_prof_data_size           
ffffffff  __TI_prof_data_start          
ffffffff  __binit__                     
ffffffff  __c_args__                    
ffffffff  binit                         
UNDEFED   __mpu_init                    
UNDEFED   _system_post_cinit            

[184 symbols]
