<?xml version="1.0" encoding="ISO-8859-1" ?>
<link_info>
   <banner>TI ARM Linker PC v18.1.4.LTS</banner>
   <copyright>Copyright (c) 1996-2018 Texas Instruments Incorporated</copyright>
   <link_time>0x5f0c80b7</link_time>
   <link_errors>0x0</link_errors>
   <output_file>tp1_v2.1.out</output_file>
   <entry_point>
      <name>_c_int00_noargs</name>
      <address>0x596d</address>
   </entry_point>
   <input_file_list>
      <input_file id="fl-2">
         <path>.\</path>
         <kind>object</kind>
         <file>main.obj</file>
         <name>main.obj</name>
      </input_file>
      <input_file id="fl-3">
         <path>.\</path>
         <kind>object</kind>
         <file>tm4c123gh6pm_startup_ccs.obj</file>
         <name>tm4c123gh6pm_startup_ccs.obj</name>
      </input_file>
      <input_file id="fl-8">
         <kind>object</kind>
         <file>&lt;internal&gt;</file>
         <name>&lt;internal&gt;</name>
      </input_file>
      <input_file id="fl-9">
         <path>C:\ti\TivaWare_C_Series-2.1.4.178\driverlib\ccs\Debug\</path>
         <kind>archive</kind>
         <file>driverlib.lib</file>
         <name>gpio.obj</name>
      </input_file>
      <input_file id="fl-a">
         <path>C:\ti\TivaWare_C_Series-2.1.4.178\driverlib\ccs\Debug\</path>
         <kind>archive</kind>
         <file>driverlib.lib</file>
         <name>interrupt.obj</name>
      </input_file>
      <input_file id="fl-b">
         <path>C:\ti\TivaWare_C_Series-2.1.4.178\driverlib\ccs\Debug\</path>
         <kind>archive</kind>
         <file>driverlib.lib</file>
         <name>sysctl.obj</name>
      </input_file>
      <input_file id="fl-c">
         <path>C:\ti\TivaWare_C_Series-2.1.4.178\driverlib\ccs\Debug\</path>
         <kind>archive</kind>
         <file>driverlib.lib</file>
         <name>timer.obj</name>
      </input_file>
      <input_file id="fl-d">
         <path>C:\ti\TivaWare_C_Series-2.1.4.178\driverlib\ccs\Debug\</path>
         <kind>archive</kind>
         <file>driverlib.lib</file>
         <name>uart.obj</name>
      </input_file>
      <input_file id="fl-e">
         <path>C:\ti\TivaWare_C_Series-2.1.4.178\driverlib\ccs\Debug\</path>
         <kind>archive</kind>
         <file>driverlib.lib</file>
         <name>cpu.obj</name>
      </input_file>
      <input_file id="fl-c4">
         <path>C:\ti\ccsv8\tools\compiler\ti-cgt-arm_18.1.4.LTS\lib\</path>
         <kind>archive</kind>
         <file>rtsv7M4_T_le_v4SPD16_eabi.lib</file>
         <name>e_acos.c.obj</name>
      </input_file>
      <input_file id="fl-c5">
         <path>C:\ti\ccsv8\tools\compiler\ti-cgt-arm_18.1.4.LTS\lib\</path>
         <kind>archive</kind>
         <file>rtsv7M4_T_le_v4SPD16_eabi.lib</file>
         <name>e_asin.c.obj</name>
      </input_file>
      <input_file id="fl-c6">
         <path>C:\ti\ccsv8\tools\compiler\ti-cgt-arm_18.1.4.LTS\lib\</path>
         <kind>archive</kind>
         <file>rtsv7M4_T_le_v4SPD16_eabi.lib</file>
         <name>e_sqrt.c.obj</name>
      </input_file>
      <input_file id="fl-c7">
         <path>C:\ti\ccsv8\tools\compiler\ti-cgt-arm_18.1.4.LTS\lib\</path>
         <kind>archive</kind>
         <file>rtsv7M4_T_le_v4SPD16_eabi.lib</file>
         <name>s_atan.c.obj</name>
      </input_file>
      <input_file id="fl-c8">
         <path>C:\ti\ccsv8\tools\compiler\ti-cgt-arm_18.1.4.LTS\lib\</path>
         <kind>archive</kind>
         <file>rtsv7M4_T_le_v4SPD16_eabi.lib</file>
         <name>s_cos.c.obj</name>
      </input_file>
      <input_file id="fl-c9">
         <path>C:\ti\ccsv8\tools\compiler\ti-cgt-arm_18.1.4.LTS\lib\</path>
         <kind>archive</kind>
         <file>rtsv7M4_T_le_v4SPD16_eabi.lib</file>
         <name>s_sin.c.obj</name>
      </input_file>
      <input_file id="fl-ca">
         <path>C:\ti\ccsv8\tools\compiler\ti-cgt-arm_18.1.4.LTS\lib\</path>
         <kind>archive</kind>
         <file>rtsv7M4_T_le_v4SPD16_eabi.lib</file>
         <name>fd_add_t2.asm.obj</name>
      </input_file>
      <input_file id="fl-cb">
         <path>C:\ti\ccsv8\tools\compiler\ti-cgt-arm_18.1.4.LTS\lib\</path>
         <kind>archive</kind>
         <file>rtsv7M4_T_le_v4SPD16_eabi.lib</file>
         <name>fd_cmp_t2.asm.obj</name>
      </input_file>
      <input_file id="fl-cc">
         <path>C:\ti\ccsv8\tools\compiler\ti-cgt-arm_18.1.4.LTS\lib\</path>
         <kind>archive</kind>
         <file>rtsv7M4_T_le_v4SPD16_eabi.lib</file>
         <name>fd_div_t2.asm.obj</name>
      </input_file>
      <input_file id="fl-cd">
         <path>C:\ti\ccsv8\tools\compiler\ti-cgt-arm_18.1.4.LTS\lib\</path>
         <kind>archive</kind>
         <file>rtsv7M4_T_le_v4SPD16_eabi.lib</file>
         <name>fd_mul_t2.asm.obj</name>
      </input_file>
      <input_file id="fl-ce">
         <path>C:\ti\ccsv8\tools\compiler\ti-cgt-arm_18.1.4.LTS\lib\</path>
         <kind>archive</kind>
         <file>rtsv7M4_T_le_v4SPD16_eabi.lib</file>
         <name>fd_toi_t2.asm.obj</name>
      </input_file>
      <input_file id="fl-cf">
         <path>C:\ti\ccsv8\tools\compiler\ti-cgt-arm_18.1.4.LTS\lib\</path>
         <kind>archive</kind>
         <file>rtsv7M4_T_le_v4SPD16_eabi.lib</file>
         <name>fd_tos_t2.asm.obj</name>
      </input_file>
      <input_file id="fl-d0">
         <path>C:\ti\ccsv8\tools\compiler\ti-cgt-arm_18.1.4.LTS\lib\</path>
         <kind>archive</kind>
         <file>rtsv7M4_T_le_v4SPD16_eabi.lib</file>
         <name>fs_tod_t2.asm.obj</name>
      </input_file>
      <input_file id="fl-d1">
         <path>C:\ti\ccsv8\tools\compiler\ti-cgt-arm_18.1.4.LTS\lib\</path>
         <kind>archive</kind>
         <file>rtsv7M4_T_le_v4SPD16_eabi.lib</file>
         <name>i_tofd_t2.asm.obj</name>
      </input_file>
      <input_file id="fl-d2">
         <path>C:\ti\ccsv8\tools\compiler\ti-cgt-arm_18.1.4.LTS\lib\</path>
         <kind>archive</kind>
         <file>rtsv7M4_T_le_v4SPD16_eabi.lib</file>
         <name>copy_zero_init.c.obj</name>
      </input_file>
      <input_file id="fl-d3">
         <path>C:\ti\ccsv8\tools\compiler\ti-cgt-arm_18.1.4.LTS\lib\</path>
         <kind>archive</kind>
         <file>rtsv7M4_T_le_v4SPD16_eabi.lib</file>
         <name>copy_decompress_none.c.obj</name>
      </input_file>
      <input_file id="fl-d4">
         <path>C:\ti\ccsv8\tools\compiler\ti-cgt-arm_18.1.4.LTS\lib\</path>
         <kind>archive</kind>
         <file>rtsv7M4_T_le_v4SPD16_eabi.lib</file>
         <name>copy_decompress_lzss.c.obj</name>
      </input_file>
      <input_file id="fl-d5">
         <path>C:\ti\ccsv8\tools\compiler\ti-cgt-arm_18.1.4.LTS\lib\</path>
         <kind>archive</kind>
         <file>rtsv7M4_T_le_v4SPD16_eabi.lib</file>
         <name>errno.c.obj</name>
      </input_file>
      <input_file id="fl-d6">
         <path>C:\ti\ccsv8\tools\compiler\ti-cgt-arm_18.1.4.LTS\lib\</path>
         <kind>archive</kind>
         <file>rtsv7M4_T_le_v4SPD16_eabi.lib</file>
         <name>boot_cortex_m.c.obj</name>
      </input_file>
      <input_file id="fl-d7">
         <path>C:\ti\ccsv8\tools\compiler\ti-cgt-arm_18.1.4.LTS\lib\</path>
         <kind>archive</kind>
         <file>rtsv7M4_T_le_v4SPD16_eabi.lib</file>
         <name>exit.c.obj</name>
      </input_file>
      <input_file id="fl-d8">
         <path>C:\ti\ccsv8\tools\compiler\ti-cgt-arm_18.1.4.LTS\lib\</path>
         <kind>archive</kind>
         <file>rtsv7M4_T_le_v4SPD16_eabi.lib</file>
         <name>_lock.c.obj</name>
      </input_file>
      <input_file id="fl-d9">
         <path>C:\ti\ccsv8\tools\compiler\ti-cgt-arm_18.1.4.LTS\lib\</path>
         <kind>archive</kind>
         <file>rtsv7M4_T_le_v4SPD16_eabi.lib</file>
         <name>args_main.c.obj</name>
      </input_file>
      <input_file id="fl-da">
         <path>C:\ti\ccsv8\tools\compiler\ti-cgt-arm_18.1.4.LTS\lib\</path>
         <kind>archive</kind>
         <file>rtsv7M4_T_le_v4SPD16_eabi.lib</file>
         <name>atoi.c.obj</name>
      </input_file>
      <input_file id="fl-db">
         <path>C:\ti\ccsv8\tools\compiler\ti-cgt-arm_18.1.4.LTS\lib\</path>
         <kind>archive</kind>
         <file>rtsv7M4_T_le_v4SPD16_eabi.lib</file>
         <name>ctype.c.obj</name>
      </input_file>
      <input_file id="fl-dc">
         <path>C:\ti\ccsv8\tools\compiler\ti-cgt-arm_18.1.4.LTS\lib\</path>
         <kind>archive</kind>
         <file>rtsv7M4_T_le_v4SPD16_eabi.lib</file>
         <name>strcpy.c.obj</name>
      </input_file>
      <input_file id="fl-dd">
         <path>C:\ti\ccsv8\tools\compiler\ti-cgt-arm_18.1.4.LTS\lib\</path>
         <kind>archive</kind>
         <file>rtsv7M4_T_le_v4SPD16_eabi.lib</file>
         <name>strtok.c.obj</name>
      </input_file>
      <input_file id="fl-de">
         <path>C:\ti\ccsv8\tools\compiler\ti-cgt-arm_18.1.4.LTS\lib\</path>
         <kind>archive</kind>
         <file>rtsv7M4_T_le_v4SPD16_eabi.lib</file>
         <name>k_rem_pio2.c.obj</name>
      </input_file>
      <input_file id="fl-df">
         <path>C:\ti\ccsv8\tools\compiler\ti-cgt-arm_18.1.4.LTS\lib\</path>
         <kind>archive</kind>
         <file>rtsv7M4_T_le_v4SPD16_eabi.lib</file>
         <name>k_cos.c.obj</name>
      </input_file>
      <input_file id="fl-e0">
         <path>C:\ti\ccsv8\tools\compiler\ti-cgt-arm_18.1.4.LTS\lib\</path>
         <kind>archive</kind>
         <file>rtsv7M4_T_le_v4SPD16_eabi.lib</file>
         <name>k_sin.c.obj</name>
      </input_file>
      <input_file id="fl-e1">
         <path>C:\ti\ccsv8\tools\compiler\ti-cgt-arm_18.1.4.LTS\lib\</path>
         <kind>archive</kind>
         <file>rtsv7M4_T_le_v4SPD16_eabi.lib</file>
         <name>s_floor.c.obj</name>
      </input_file>
      <input_file id="fl-e2">
         <path>C:\ti\ccsv8\tools\compiler\ti-cgt-arm_18.1.4.LTS\lib\</path>
         <kind>archive</kind>
         <file>rtsv7M4_T_le_v4SPD16_eabi.lib</file>
         <name>s_scalbn.c.obj</name>
      </input_file>
      <input_file id="fl-e3">
         <path>C:\ti\ccsv8\tools\compiler\ti-cgt-arm_18.1.4.LTS\lib\</path>
         <kind>archive</kind>
         <file>rtsv7M4_T_le_v4SPD16_eabi.lib</file>
         <name>memcpy_t2.asm.obj</name>
      </input_file>
      <input_file id="fl-e4">
         <path>C:\ti\ccsv8\tools\compiler\ti-cgt-arm_18.1.4.LTS\lib\</path>
         <kind>archive</kind>
         <file>rtsv7M4_T_le_v4SPD16_eabi.lib</file>
         <name>memset_t2.asm.obj</name>
      </input_file>
      <input_file id="fl-e5">
         <path>C:\ti\ccsv8\tools\compiler\ti-cgt-arm_18.1.4.LTS\lib\</path>
         <kind>archive</kind>
         <file>rtsv7M4_T_le_v4SPD16_eabi.lib</file>
         <name>autoinit.c.obj</name>
      </input_file>
      <input_file id="fl-e6">
         <path>C:\ti\ccsv8\tools\compiler\ti-cgt-arm_18.1.4.LTS\lib\</path>
         <kind>archive</kind>
         <file>rtsv7M4_T_le_v4SPD16_eabi.lib</file>
         <name>pre_init.c.obj</name>
      </input_file>
      <input_file id="fl-e7">
         <path>C:\ti\ccsv8\tools\compiler\ti-cgt-arm_18.1.4.LTS\lib\</path>
         <kind>archive</kind>
         <file>rtsv7M4_T_le_v4SPD16_eabi.lib</file>
         <name>cpy_tbl.c.obj</name>
      </input_file>
      <input_file id="fl-e8">
         <path>C:\ti\ccsv8\tools\compiler\ti-cgt-arm_18.1.4.LTS\lib\</path>
         <kind>archive</kind>
         <file>rtsv7M4_T_le_v4SPD16_eabi.lib</file>
         <name>strcspn.c.obj</name>
      </input_file>
      <input_file id="fl-e9">
         <path>C:\ti\ccsv8\tools\compiler\ti-cgt-arm_18.1.4.LTS\lib\</path>
         <kind>archive</kind>
         <file>rtsv7M4_T_le_v4SPD16_eabi.lib</file>
         <name>strspn.c.obj</name>
      </input_file>
      <input_file id="fl-ea">
         <path>C:\ti\ccsv8\tools\compiler\ti-cgt-arm_18.1.4.LTS\lib\</path>
         <kind>archive</kind>
         <file>rtsv7M4_T_le_v4SPD16_eabi.lib</file>
         <name>s_copysign.c.obj</name>
      </input_file>
   </input_file_list>
   <object_component_list>
      <object_component id="oc-f">
         <name>.intvecs</name>
         <load_address>0x0</load_address>
         <run_address>0x0</run_address>
         <size>0x26c</size>
         <input_file_ref idref="fl-3"/>
      </object_component>
      <object_component id="oc-98">
         <name>.text</name>
         <load_address>0x26c</load_address>
         <run_address>0x26c</run_address>
         <size>0x255c</size>
         <input_file_ref idref="fl-2"/>
      </object_component>
      <object_component id="oc-2b0">
         <name>.text:__kernel_rem_pio2</name>
         <load_address>0x27c8</load_address>
         <run_address>0x27c8</run_address>
         <size>0x738</size>
         <input_file_ref idref="fl-de"/>
      </object_component>
      <object_component id="oc-193">
         <name>.text:cos</name>
         <load_address>0x2f00</load_address>
         <run_address>0x2f00</run_address>
         <size>0x5dc</size>
         <input_file_ref idref="fl-c8"/>
      </object_component>
      <object_component id="oc-199">
         <name>.text:sin</name>
         <load_address>0x34dc</load_address>
         <run_address>0x34dc</run_address>
         <size>0x5c4</size>
         <input_file_ref idref="fl-c9"/>
      </object_component>
      <object_component id="oc-173">
         <name>.text:acos</name>
         <load_address>0x3aa0</load_address>
         <run_address>0x3aa0</run_address>
         <size>0x41c</size>
         <input_file_ref idref="fl-c4"/>
      </object_component>
      <object_component id="oc-184">
         <name>.text:asin</name>
         <load_address>0x3ebc</load_address>
         <run_address>0x3ebc</run_address>
         <size>0x3d4</size>
         <input_file_ref idref="fl-c5"/>
      </object_component>
      <object_component id="oc-159">
         <name>.text:atan</name>
         <load_address>0x4290</load_address>
         <run_address>0x4290</run_address>
         <size>0x2ec</size>
         <input_file_ref idref="fl-c7"/>
      </object_component>
      <object_component id="oc-16e">
         <name>.text</name>
         <load_address>0x457c</load_address>
         <run_address>0x457c</run_address>
         <size>0x1b6</size>
         <input_file_ref idref="fl-ca"/>
      </object_component>
      <object_component id="oc-2b6">
         <name>.text:__kernel_sin</name>
         <load_address>0x4734</load_address>
         <run_address>0x4734</run_address>
         <size>0x174</size>
         <input_file_ref idref="fl-e0"/>
      </object_component>
      <object_component id="oc-2a5">
         <name>.text:__kernel_cos</name>
         <load_address>0x48a8</load_address>
         <run_address>0x48a8</run_address>
         <size>0x16c</size>
         <input_file_ref idref="fl-df"/>
      </object_component>
      <object_component id="oc-17e">
         <name>.text:sqrt</name>
         <load_address>0x4a14</load_address>
         <run_address>0x4a14</run_address>
         <size>0x158</size>
         <input_file_ref idref="fl-c6"/>
      </object_component>
      <object_component id="oc-164">
         <name>.text</name>
         <load_address>0x4b6c</load_address>
         <run_address>0x4b6c</run_address>
         <size>0x136</size>
         <input_file_ref idref="fl-cc"/>
      </object_component>
      <object_component id="oc-136">
         <name>.text:GPIOPadConfigSet</name>
         <load_address>0x4ca2</load_address>
         <run_address>0x4ca2</run_address>
         <size>0x132</size>
         <input_file_ref idref="fl-9"/>
      </object_component>
      <object_component id="oc-cc">
         <name>.text:SysCtlClockGet</name>
         <load_address>0x4dd4</load_address>
         <run_address>0x4dd4</run_address>
         <size>0x110</size>
         <input_file_ref idref="fl-b"/>
      </object_component>
      <object_component id="oc-360">
         <name>.text:scalbn</name>
         <load_address>0x4ee4</load_address>
         <run_address>0x4ee4</run_address>
         <size>0x110</size>
         <input_file_ref idref="fl-e2"/>
      </object_component>
      <object_component id="oc-15f">
         <name>.text</name>
         <load_address>0x4ff4</load_address>
         <run_address>0x4ff4</run_address>
         <size>0xfc</size>
         <input_file_ref idref="fl-cd"/>
      </object_component>
      <object_component id="oc-366">
         <name>.text:floor</name>
         <load_address>0x50f0</load_address>
         <run_address>0x50f0</run_address>
         <size>0xf8</size>
         <input_file_ref idref="fl-e1"/>
      </object_component>
      <object_component id="oc-1f4">
         <name>.text:SysCtlClockSet</name>
         <load_address>0x51e8</load_address>
         <run_address>0x51e8</run_address>
         <size>0xf4</size>
         <input_file_ref idref="fl-b"/>
      </object_component>
      <object_component id="oc-38">
         <name>.text</name>
         <load_address>0x52dc</load_address>
         <run_address>0x52dc</run_address>
         <size>0x9c</size>
         <input_file_ref idref="fl-e3"/>
      </object_component>
      <object_component id="oc-2ab">
         <name>.text:__aeabi_cdcmple</name>
         <load_address>0x5378</load_address>
         <run_address>0x5378</run_address>
         <size>0x86</size>
         <input_file_ref idref="fl-cb"/>
      </object_component>
      <object_component id="oc-285">
         <name>.text:__aeabi_cdrcmple</name>
         <load_address>0x53fe</load_address>
         <run_address>0x53fe</run_address>
         <size>0x86</size>
         <input_file_ref idref="fl-cb"/>
      </object_component>
      <object_component id="oc-8c">
         <name>.text</name>
         <load_address>0x5484</load_address>
         <run_address>0x5484</run_address>
         <size>0x7a</size>
         <input_file_ref idref="fl-e4"/>
      </object_component>
      <object_component id="oc-179">
         <name>.text</name>
         <load_address>0x54fe</load_address>
         <run_address>0x54fe</run_address>
         <size>0x6e</size>
         <input_file_ref idref="fl-cf"/>
      </object_component>
      <object_component id="oc-10c">
         <name>.text:IntEnable</name>
         <load_address>0x556c</load_address>
         <run_address>0x556c</run_address>
         <size>0x68</size>
         <input_file_ref idref="fl-a"/>
      </object_component>
      <object_component id="oc-12">
         <name>.text:decompress:lzss:__TI_decompress_lzss</name>
         <load_address>0x55d4</load_address>
         <run_address>0x55d4</run_address>
         <size>0x68</size>
         <input_file_ref idref="fl-d4"/>
      </object_component>
      <object_component id="oc-100">
         <name>.text:TimerConfigure</name>
         <load_address>0x563c</load_address>
         <run_address>0x563c</run_address>
         <size>0x60</size>
         <input_file_ref idref="fl-c"/>
      </object_component>
      <object_component id="oc-13c">
         <name>.text:GPIOIntTypeSet</name>
         <load_address>0x569c</load_address>
         <run_address>0x569c</run_address>
         <size>0x56</size>
         <input_file_ref idref="fl-9"/>
      </object_component>
      <object_component id="oc-25d">
         <name>.text:_TimerIntNumberGet</name>
         <load_address>0x56f4</load_address>
         <run_address>0x56f4</run_address>
         <size>0x4c</size>
         <input_file_ref idref="fl-c"/>
      </object_component>
      <object_component id="oc-1b0">
         <name>.text:atoi</name>
         <load_address>0x5740</load_address>
         <run_address>0x5740</run_address>
         <size>0x4c</size>
         <input_file_ref idref="fl-da"/>
      </object_component>
      <object_component id="oc-1cf">
         <name>.text:GPIOPinConfigure</name>
         <load_address>0x578c</load_address>
         <run_address>0x578c</run_address>
         <size>0x48</size>
         <input_file_ref idref="fl-9"/>
      </object_component>
      <object_component id="oc-169">
         <name>.text</name>
         <load_address>0x57d4</load_address>
         <run_address>0x57d4</run_address>
         <size>0x48</size>
         <input_file_ref idref="fl-ce"/>
      </object_component>
      <object_component id="oc-1e1">
         <name>.text:UARTConfigSetExpClk</name>
         <load_address>0x581c</load_address>
         <run_address>0x581c</run_address>
         <size>0x46</size>
         <input_file_ref idref="fl-d"/>
      </object_component>
      <object_component id="oc-27c">
         <name>.text:_GPIOIntNumberGet</name>
         <load_address>0x5864</load_address>
         <run_address>0x5864</run_address>
         <size>0x44</size>
         <input_file_ref idref="fl-9"/>
      </object_component>
      <object_component id="oc-214">
         <name>.text:__TI_auto_init_nobinit_nopinit:__TI_auto_init_nobinit_nopinit</name>
         <load_address>0x58a8</load_address>
         <run_address>0x58a8</run_address>
         <size>0x44</size>
         <input_file_ref idref="fl-e5"/>
      </object_component>
      <object_component id="oc-2ef">
         <name>.text:_UARTIntNumberGet</name>
         <load_address>0x58ec</load_address>
         <run_address>0x58ec</run_address>
         <size>0x40</size>
         <input_file_ref idref="fl-d"/>
      </object_component>
      <object_component id="oc-1a4">
         <name>.text:strtok</name>
         <load_address>0x592c</load_address>
         <run_address>0x592c</run_address>
         <size>0x40</size>
         <input_file_ref idref="fl-dd"/>
      </object_component>
      <object_component id="oc-56">
         <name>.text:_c_int00_noargs:_c_int00_noargs</name>
         <load_address>0x596c</load_address>
         <run_address>0x596c</run_address>
         <size>0x38</size>
         <input_file_ref idref="fl-d6"/>
      </object_component>
      <object_component id="oc-154">
         <name>.text</name>
         <load_address>0x59a4</load_address>
         <run_address>0x59a4</run_address>
         <size>0x38</size>
         <input_file_ref idref="fl-d0"/>
      </object_component>
      <object_component id="oc-263">
         <name>.text:IntRegister</name>
         <load_address>0x59dc</load_address>
         <run_address>0x59dc</run_address>
         <size>0x34</size>
         <input_file_ref idref="fl-a"/>
      </object_component>
      <object_component id="oc-fa">
         <name>.text:SysCtlPeripheralEnable</name>
         <load_address>0x5a10</load_address>
         <run_address>0x5a10</run_address>
         <size>0x34</size>
         <input_file_ref idref="fl-b"/>
      </object_component>
      <object_component id="oc-18e">
         <name>.text</name>
         <load_address>0x5a44</load_address>
         <run_address>0x5a44</run_address>
         <size>0x2e</size>
         <input_file_ref idref="fl-d1"/>
      </object_component>
      <object_component id="oc-270">
         <name>.text:GPIODirModeSet</name>
         <load_address>0x5a72</load_address>
         <run_address>0x5a72</run_address>
         <size>0x2a</size>
         <input_file_ref idref="fl-9"/>
      </object_component>
      <object_component id="oc-2c0">
         <name>.text:strspn</name>
         <load_address>0x5a9c</load_address>
         <run_address>0x5a9c</run_address>
         <size>0x2a</size>
         <input_file_ref idref="fl-e9"/>
      </object_component>
      <object_component id="oc-2c6">
         <name>.text:strcspn</name>
         <load_address>0x5ac6</load_address>
         <run_address>0x5ac6</run_address>
         <size>0x24</size>
         <input_file_ref idref="fl-e8"/>
      </object_component>
      <object_component id="oc-2e2">
         <name>.text:UARTDisable</name>
         <load_address>0x5aec</load_address>
         <run_address>0x5aec</run_address>
         <size>0x20</size>
         <input_file_ref idref="fl-d"/>
      </object_component>
      <object_component id="oc-142">
         <name>.text:GPIOIntRegister</name>
         <load_address>0x5b0c</load_address>
         <run_address>0x5b0c</run_address>
         <size>0x18</size>
         <input_file_ref idref="fl-9"/>
      </object_component>
      <object_component id="oc-11b">
         <name>.text:GPIOPinTypeGPIOOutput</name>
         <load_address>0x5b24</load_address>
         <run_address>0x5b24</run_address>
         <size>0x18</size>
         <input_file_ref idref="fl-9"/>
      </object_component>
      <object_component id="oc-e2">
         <name>.text:TimerDisable</name>
         <load_address>0x5b3c</load_address>
         <run_address>0x5b3c</run_address>
         <size>0x18</size>
         <input_file_ref idref="fl-c"/>
      </object_component>
      <object_component id="oc-106">
         <name>.text:TimerIntRegister</name>
         <load_address>0x5b54</load_address>
         <run_address>0x5b54</run_address>
         <size>0x18</size>
         <input_file_ref idref="fl-c"/>
      </object_component>
      <object_component id="oc-1e7">
         <name>.text:UARTIntRegister</name>
         <load_address>0x5b6c</load_address>
         <run_address>0x5b6c</run_address>
         <size>0x18</size>
         <input_file_ref idref="fl-d"/>
      </object_component>
      <object_component id="oc-2e8">
         <name>.text:UARTEnable</name>
         <load_address>0x5b84</load_address>
         <run_address>0x5b84</run_address>
         <size>0x14</size>
         <input_file_ref idref="fl-d"/>
      </object_component>
      <object_component id="oc-3cb">
         <name>.text:copysign</name>
         <load_address>0x5b98</load_address>
         <run_address>0x5b98</run_address>
         <size>0x14</size>
         <input_file_ref idref="fl-ea"/>
      </object_component>
      <object_component id="oc-1aa">
         <name>.text:strcpy</name>
         <load_address>0x5bac</load_address>
         <run_address>0x5bac</run_address>
         <size>0x14</size>
         <input_file_ref idref="fl-dc"/>
      </object_component>
      <object_component id="oc-130">
         <name>.text:GPIOPinTypeGPIOInput</name>
         <load_address>0x5bc0</load_address>
         <run_address>0x5bc0</run_address>
         <size>0x12</size>
         <input_file_ref idref="fl-9"/>
      </object_component>
      <object_component id="oc-1d5">
         <name>.text:GPIOPinTypeUART</name>
         <load_address>0x5bd2</load_address>
         <run_address>0x5bd2</run_address>
         <size>0x12</size>
         <input_file_ref idref="fl-9"/>
      </object_component>
      <object_component id="oc-d8">
         <name>.text:TimerLoadSet</name>
         <load_address>0x5be4</load_address>
         <run_address>0x5be4</run_address>
         <size>0x12</size>
         <input_file_ref idref="fl-c"/>
      </object_component>
      <object_component id="oc-1fa">
         <name>.text:IntMasterEnable</name>
         <load_address>0x5bf6</load_address>
         <run_address>0x5bf6</run_address>
         <size>0x10</size>
         <input_file_ref idref="fl-a"/>
      </object_component>
      <object_component id="oc-124">
         <name>.text:GPIOIntStatus</name>
         <load_address>0x5c06</load_address>
         <run_address>0x5c06</run_address>
         <size>0xe</size>
         <input_file_ref idref="fl-9"/>
      </object_component>
      <object_component id="oc-ea">
         <name>.text:TimerEnable</name>
         <load_address>0x5c14</load_address>
         <run_address>0x5c14</run_address>
         <size>0xe</size>
         <input_file_ref idref="fl-c"/>
      </object_component>
      <object_component id="oc-1bd">
         <name>.text:UARTCharsAvail</name>
         <load_address>0x5c22</load_address>
         <run_address>0x5c22</run_address>
         <size>0xe</size>
         <input_file_ref idref="fl-d"/>
      </object_component>
      <object_component id="oc-18">
         <name>.text:decompress:none:__TI_decompress_none</name>
         <load_address>0x5c30</load_address>
         <run_address>0x5c30</run_address>
         <size>0xe</size>
         <input_file_ref idref="fl-d3"/>
      </object_component>
      <object_component id="oc-2f9">
         <name>.text:CPUcpsie</name>
         <load_address>0x5c3e</load_address>
         <run_address>0x5c3e</run_address>
         <size>0xc</size>
         <input_file_ref idref="fl-e"/>
      </object_component>
      <object_component id="oc-148">
         <name>.text:GPIOIntEnable</name>
         <load_address>0x5c4a</load_address>
         <run_address>0x5c4a</run_address>
         <size>0xc</size>
         <input_file_ref idref="fl-9"/>
      </object_component>
      <object_component id="oc-4a">
         <name>.text:decompress:ZI:__TI_zero_init</name>
         <load_address>0x5c56</load_address>
         <run_address>0x5c56</run_address>
         <size>0xc</size>
         <input_file_ref idref="fl-d2"/>
      </object_component>
      <object_component id="oc-24">
         <name>.text</name>
         <load_address>0x5c62</load_address>
         <run_address>0x5c62</run_address>
         <size>0xc</size>
         <input_file_ref idref="fl-3"/>
      </object_component>
      <object_component id="oc-1b7">
         <name>.text:UARTCharGet</name>
         <load_address>0x5c6e</load_address>
         <run_address>0x5c6e</run_address>
         <size>0xa</size>
         <input_file_ref idref="fl-d"/>
      </object_component>
      <object_component id="oc-f4">
         <name>.text:UARTCharPut</name>
         <load_address>0x5c78</load_address>
         <run_address>0x5c78</run_address>
         <size>0xa</size>
         <input_file_ref idref="fl-d"/>
      </object_component>
      <object_component id="oc-1c3">
         <name>.text:UARTIntStatus</name>
         <load_address>0x5c82</load_address>
         <run_address>0x5c82</run_address>
         <size>0xa</size>
         <input_file_ref idref="fl-d"/>
      </object_component>
      <object_component id="oc-112">
         <name>.text:TimerIntEnable</name>
         <load_address>0x5c8c</load_address>
         <run_address>0x5c8c</run_address>
         <size>0x8</size>
         <input_file_ref idref="fl-c"/>
      </object_component>
      <object_component id="oc-1ed">
         <name>.text:UARTIntEnable</name>
         <load_address>0x5c94</load_address>
         <run_address>0x5c94</run_address>
         <size>0x8</size>
         <input_file_ref idref="fl-d"/>
      </object_component>
      <object_component id="oc-297">
         <name>.text:__aeabi_errno_addr</name>
         <load_address>0x5c9c</load_address>
         <run_address>0x5c9c</run_address>
         <size>0x8</size>
         <input_file_ref idref="fl-d5"/>
      </object_component>
      <object_component id="oc-12a">
         <name>.text:GPIOIntClear</name>
         <load_address>0x5ca4</load_address>
         <run_address>0x5ca4</run_address>
         <size>0x6</size>
         <input_file_ref idref="fl-9"/>
      </object_component>
      <object_component id="oc-d2">
         <name>.text:GPIOPinWrite</name>
         <load_address>0x5caa</load_address>
         <run_address>0x5caa</run_address>
         <size>0x6</size>
         <input_file_ref idref="fl-9"/>
      </object_component>
      <object_component id="oc-2f7">
         <name>.text:SysCtlDelay</name>
         <load_address>0x5cb0</load_address>
         <run_address>0x5cb0</run_address>
         <size>0x6</size>
         <input_file_ref idref="fl-b"/>
      </object_component>
      <object_component id="oc-1db">
         <name>.text:UARTClockSourceSet</name>
         <load_address>0x5cb6</load_address>
         <run_address>0x5cb6</run_address>
         <size>0x6</size>
         <input_file_ref idref="fl-d"/>
      </object_component>
      <object_component id="oc-c6">
         <name>.text:TimerIntClear</name>
         <load_address>0x5cbc</load_address>
         <run_address>0x5cbc</run_address>
         <size>0x4</size>
         <input_file_ref idref="fl-c"/>
      </object_component>
      <object_component id="oc-1c9">
         <name>.text:UARTIntClear</name>
         <load_address>0x5cc0</load_address>
         <run_address>0x5cc0</run_address>
         <size>0x4</size>
         <input_file_ref idref="fl-d"/>
      </object_component>
      <object_component id="oc-92">
         <name>.text:_system_pre_init</name>
         <load_address>0x5cc4</load_address>
         <run_address>0x5cc4</run_address>
         <size>0x4</size>
         <input_file_ref idref="fl-e6"/>
      </object_component>
      <object_component id="oc-208">
         <name>.text:abort:abort</name>
         <load_address>0x5cc8</load_address>
         <run_address>0x5cc8</run_address>
         <size>0x4</size>
         <input_file_ref idref="fl-d7"/>
      </object_component>
      <object_component id="oc-36c">
         <name>.const:$O1$$</name>
         <load_address>0x5cd0</load_address>
         <run_address>0x5cd0</run_address>
         <size>0x158</size>
         <input_file_ref idref="fl-de"/>
      </object_component>
      <object_component id="oc-2d3">
         <name>.const:.string:_ctypes_</name>
         <load_address>0x5e28</load_address>
         <run_address>0x5e28</run_address>
         <size>0x101</size>
         <input_file_ref idref="fl-db"/>
      </object_component>
      <object_component id="oc-344">
         <name>.const:g_ppui32GPIOIntMapSnowflake</name>
         <load_address>0x5f2c</load_address>
         <run_address>0x5f2c</run_address>
         <size>0xd8</size>
         <input_file_ref idref="fl-9"/>
      </object_component>
      <object_component id="oc-341">
         <name>.const:g_ppui32GPIOIntMapBlizzard</name>
         <load_address>0x6004</load_address>
         <run_address>0x6004</run_address>
         <size>0xc0</size>
         <input_file_ref idref="fl-9"/>
      </object_component>
      <object_component id="oc-28a">
         <name>.const:$O1$$</name>
         <load_address>0x60c8</load_address>
         <run_address>0x60c8</run_address>
         <size>0x98</size>
         <input_file_ref idref="fl-c7"/>
      </object_component>
      <object_component id="oc-2dc">
         <name>.const:g_pui32GPIOBaseAddrs</name>
         <load_address>0x6160</load_address>
         <run_address>0x6160</run_address>
         <size>0x90</size>
         <input_file_ref idref="fl-9"/>
      </object_component>
      <object_component id="oc-26a">
         <name>.const</name>
         <load_address>0x61f0</load_address>
         <run_address>0x61f0</run_address>
         <size>0x70</size>
         <input_file_ref idref="fl-a"/>
      </object_component>
      <object_component id="oc-24f">
         <name>.const:g_pui32Xtals</name>
         <load_address>0x6260</load_address>
         <run_address>0x6260</run_address>
         <size>0x6c</size>
         <input_file_ref idref="fl-b"/>
      </object_component>
      <object_component id="oc-331">
         <name>.const:g_ppui32TimerIntMap</name>
         <load_address>0x62cc</load_address>
         <run_address>0x62cc</run_address>
         <size>0x60</size>
         <input_file_ref idref="fl-c"/>
      </object_component>
      <object_component id="oc-334">
         <name>.const:g_ppui32TimerIntMapSnowflake</name>
         <load_address>0x632c</load_address>
         <run_address>0x632c</run_address>
         <size>0x40</size>
         <input_file_ref idref="fl-c"/>
      </object_component>
      <object_component id="oc-390">
         <name>.const:g_ppui32UARTIntMap</name>
         <load_address>0x636c</load_address>
         <run_address>0x636c</run_address>
         <size>0x40</size>
         <input_file_ref idref="fl-d"/>
      </object_component>
      <object_component id="oc-393">
         <name>.const:g_ppui32UARTIntMapSnowflake</name>
         <load_address>0x63ac</load_address>
         <run_address>0x63ac</run_address>
         <size>0x40</size>
         <input_file_ref idref="fl-d"/>
      </object_component>
      <object_component id="oc-425">
         <name>__TI_handler_table</name>
         <load_address>0x63f0</load_address>
         <run_address>0x63f0</run_address>
         <size>0xc</size>
      </object_component>
      <object_component id="oc-429">
         <name>.cinit..bss.load</name>
         <load_address>0x6400</load_address>
         <run_address>0x6400</run_address>
         <size>0x8</size>
      </object_component>
      <object_component id="oc-427">
         <name>.cinit..vtable.load</name>
         <load_address>0x6408</load_address>
         <run_address>0x6408</run_address>
         <size>0x8</size>
      </object_component>
      <object_component id="oc-428">
         <name>.cinit..data.load</name>
         <load_address>0x6410</load_address>
         <run_address>0x6410</run_address>
         <size>0x7</size>
      </object_component>
      <object_component id="oc-426">
         <name>__TI_cinit_table</name>
         <load_address>0x6418</load_address>
         <run_address>0x6418</run_address>
         <size>0x18</size>
      </object_component>
      <object_component id="oc-338">
         <name>.vtable</name>
         <uninitialized>true</uninitialized>
         <run_address>0x20000000</run_address>
         <size>0x26c</size>
         <input_file_ref idref="fl-a"/>
      </object_component>
      <object_component id="oc-200">
         <name>.data</name>
         <load_address>0x20000638</load_address>
         <run_address>0x20000638</run_address>
         <size>0x2</size>
         <input_file_ref idref="fl-2"/>
      </object_component>
      <object_component id="oc-352">
         <name>.data</name>
         <load_address>0x20000630</load_address>
         <run_address>0x20000630</run_address>
         <size>0x4</size>
         <input_file_ref idref="fl-d5"/>
      </object_component>
      <object_component id="oc-2cc">
         <name>.data</name>
         <load_address>0x20000634</load_address>
         <run_address>0x20000634</run_address>
         <size>0x4</size>
         <input_file_ref idref="fl-dd"/>
      </object_component>
      <object_component id="oc-203">
         <name>.bss:Buff</name>
         <uninitialized>true</uninitialized>
         <run_address>0x20000470</run_address>
         <size>0x64</size>
         <input_file_ref idref="fl-2"/>
      </object_component>
      <object_component id="oc-de">
         <name>.common:g_NumOfPulses_1</name>
         <uninitialized>true</uninitialized>
         <run_address>0x200005fc</run_address>
         <size>0x4</size>
      </object_component>
      <object_component id="oc-e0">
         <name>.common:g_NumOfPulses_2</name>
         <uninitialized>true</uninitialized>
         <run_address>0x20000600</run_address>
         <size>0x4</size>
      </object_component>
      <object_component id="oc-e8">
         <name>.common:g_NumOfPulses_3</name>
         <uninitialized>true</uninitialized>
         <run_address>0x20000604</run_address>
         <size>0x4</size>
      </object_component>
      <object_component id="oc-f0">
         <name>.common:g_NumOfPulses_4</name>
         <uninitialized>true</uninitialized>
         <run_address>0x20000608</run_address>
         <size>0x4</size>
      </object_component>
      <object_component id="oc-f2">
         <name>.common:g_NumOfPulses_5</name>
         <uninitialized>true</uninitialized>
         <run_address>0x2000060c</run_address>
         <size>0x4</size>
      </object_component>
      <object_component id="oc-118">
         <name>.common:g_NumOfPulses_6</name>
         <uninitialized>true</uninitialized>
         <run_address>0x20000610</run_address>
         <size>0x4</size>
      </object_component>
      <object_component id="oc-df">
         <name>.common:d_AngleRotating_1</name>
         <uninitialized>true</uninitialized>
         <run_address>0x200005c0</run_address>
         <size>0x4</size>
      </object_component>
      <object_component id="oc-e1">
         <name>.common:d_AngleRotating_2</name>
         <uninitialized>true</uninitialized>
         <run_address>0x200005c4</run_address>
         <size>0x4</size>
      </object_component>
      <object_component id="oc-e9">
         <name>.common:d_AngleRotating_3</name>
         <uninitialized>true</uninitialized>
         <run_address>0x200005c8</run_address>
         <size>0x4</size>
      </object_component>
      <object_component id="oc-f1">
         <name>.common:d_AngleRotating_4</name>
         <uninitialized>true</uninitialized>
         <run_address>0x200005cc</run_address>
         <size>0x4</size>
      </object_component>
      <object_component id="oc-f3">
         <name>.common:d_AngleRotating_5</name>
         <uninitialized>true</uninitialized>
         <run_address>0x200005d0</run_address>
         <size>0x4</size>
      </object_component>
      <object_component id="oc-119">
         <name>.common:d_AngleRotating_6</name>
         <uninitialized>true</uninitialized>
         <run_address>0x200005d4</run_address>
         <size>0x4</size>
      </object_component>
      <object_component id="oc-1a1">
         <name>.common:d_AngleTemp_1</name>
         <uninitialized>true</uninitialized>
         <run_address>0x200005d8</run_address>
         <size>0x4</size>
      </object_component>
      <object_component id="oc-1a2">
         <name>.common:d_AngleTemp_2</name>
         <uninitialized>true</uninitialized>
         <run_address>0x200005dc</run_address>
         <size>0x4</size>
      </object_component>
      <object_component id="oc-122">
         <name>.common:n_EventCounter</name>
         <uninitialized>true</uninitialized>
         <run_address>0x20000620</run_address>
         <size>0x4</size>
      </object_component>
      <object_component id="oc-121">
         <name>.common:n_PhaseCounter</name>
         <uninitialized>true</uninitialized>
         <run_address>0x20000624</run_address>
         <size>0x4</size>
      </object_component>
      <object_component id="oc-206">
         <name>.common:first_time</name>
         <uninitialized>true</uninitialized>
         <run_address>0x200005f8</run_address>
         <size>0x4</size>
      </object_component>
      <object_component id="oc-18a">
         <name>.common:l2</name>
         <uninitialized>true</uninitialized>
         <run_address>0x20000614</run_address>
         <size>0x4</size>
      </object_component>
      <object_component id="oc-18b">
         <name>.common:l3</name>
         <uninitialized>true</uninitialized>
         <run_address>0x20000618</run_address>
         <size>0x4</size>
      </object_component>
      <object_component id="oc-1a3">
         <name>.common:l4</name>
         <uninitialized>true</uninitialized>
         <run_address>0x2000061c</run_address>
         <size>0x4</size>
      </object_component>
      <object_component id="oc-18d">
         <name>.common:d_AngleCalculated_1</name>
         <uninitialized>true</uninitialized>
         <run_address>0x20000628</run_address>
         <size>0x1</size>
      </object_component>
      <object_component id="oc-19f">
         <name>.common:d_AngleCalculated_2</name>
         <uninitialized>true</uninitialized>
         <run_address>0x20000629</run_address>
         <size>0x1</size>
      </object_component>
      <object_component id="oc-1a0">
         <name>.common:d_AngleCalculated_3</name>
         <uninitialized>true</uninitialized>
         <run_address>0x2000062a</run_address>
         <size>0x1</size>
      </object_component>
      <object_component id="oc-1b6">
         <name>.common:d_AngleCalculated_4</name>
         <uninitialized>true</uninitialized>
         <run_address>0x2000062b</run_address>
         <size>0x1</size>
      </object_component>
      <object_component id="oc-1f3">
         <name>.common:d_ObjectWidth</name>
         <uninitialized>true</uninitialized>
         <run_address>0x200005ac</run_address>
         <size>0x10</size>
      </object_component>
      <object_component id="oc-123">
         <name>.common:d_ClassifiedType</name>
         <uninitialized>true</uninitialized>
         <run_address>0x2000059c</run_address>
         <size>0x10</size>
      </object_component>
      <object_component id="oc-11a">
         <name>.common:n_Delay_i</name>
         <uninitialized>true</uninitialized>
         <run_address>0x2000062c</run_address>
         <size>0x1</size>
      </object_component>
      <object_component id="oc-18c">
         <name>.common:Reserved_Error</name>
         <uninitialized>true</uninitialized>
         <run_address>0x200005bc</run_address>
         <size>0x4</size>
      </object_component>
      <object_component id="oc-201">
         <name>.common:d_UARTData</name>
         <uninitialized>true</uninitialized>
         <run_address>0x200004d4</run_address>
         <size>0x64</size>
      </object_component>
      <object_component id="oc-202">
         <name>.common:d_UARTDataToProcess</name>
         <uninitialized>true</uninitialized>
         <run_address>0x20000538</run_address>
         <size>0x64</size>
      </object_component>
      <object_component id="oc-14e">
         <name>.common:d_PreviousAngle_1</name>
         <uninitialized>true</uninitialized>
         <run_address>0x200005e0</run_address>
         <size>0x4</size>
      </object_component>
      <object_component id="oc-14f">
         <name>.common:d_PreviousAngle_2</name>
         <uninitialized>true</uninitialized>
         <run_address>0x200005e4</run_address>
         <size>0x4</size>
      </object_component>
      <object_component id="oc-150">
         <name>.common:d_PreviousAngle_3</name>
         <uninitialized>true</uninitialized>
         <run_address>0x200005e8</run_address>
         <size>0x4</size>
      </object_component>
      <object_component id="oc-151">
         <name>.common:d_PreviousAngle_4</name>
         <uninitialized>true</uninitialized>
         <run_address>0x200005ec</run_address>
         <size>0x4</size>
      </object_component>
      <object_component id="oc-152">
         <name>.common:d_PreviousAngle_5</name>
         <uninitialized>true</uninitialized>
         <run_address>0x200005f0</run_address>
         <size>0x4</size>
      </object_component>
      <object_component id="oc-153">
         <name>.common:d_PreviousAngle_6</name>
         <uninitialized>true</uninitialized>
         <run_address>0x200005f4</run_address>
         <size>0x4</size>
      </object_component>
      <object_component id="oc-21">
         <name>.stack</name>
         <uninitialized>true</uninitialized>
         <run_address>0x20000270</run_address>
         <size>0x4</size>
         <input_file_ref idref="fl-d6"/>
      </object_component>
      <object_component id="oc-42a">
         <name>.stack</name>
         <uninitialized>true</uninitialized>
         <run_address>0x20000270</run_address>
         <size>0x0</size>
      </object_component>
      <object_component id="oc-b4">
         <name>.debug_info</name>
         <load_address>0x0</load_address>
         <run_address>0x0</run_address>
         <size>0x1242</size>
         <input_file_ref idref="fl-2"/>
      </object_component>
      <object_component id="oc-204">
         <name>.debug_info</name>
         <load_address>0x1242</load_address>
         <run_address>0x1242</run_address>
         <size>0xb7</size>
         <input_file_ref idref="fl-2"/>
      </object_component>
      <object_component id="oc-99">
         <name>.debug_info</name>
         <load_address>0x12f9</load_address>
         <run_address>0x12f9</run_address>
         <size>0x3bcf</size>
         <input_file_ref idref="fl-2"/>
      </object_component>
      <object_component id="oc-6d">
         <name>.debug_info</name>
         <load_address>0x4ec8</load_address>
         <run_address>0x4ec8</run_address>
         <size>0x26b</size>
         <input_file_ref idref="fl-2"/>
      </object_component>
      <object_component id="oc-af">
         <name>.debug_info</name>
         <load_address>0x5133</load_address>
         <run_address>0x5133</run_address>
         <size>0x8b</size>
         <input_file_ref idref="fl-2"/>
      </object_component>
      <object_component id="oc-aa">
         <name>.debug_info</name>
         <load_address>0x51be</load_address>
         <run_address>0x51be</run_address>
         <size>0x297</size>
         <input_file_ref idref="fl-2"/>
      </object_component>
      <object_component id="oc-72">
         <name>.debug_info</name>
         <load_address>0x5455</load_address>
         <run_address>0x5455</run_address>
         <size>0xbb</size>
         <input_file_ref idref="fl-2"/>
      </object_component>
      <object_component id="oc-2c">
         <name>.debug_info</name>
         <load_address>0x5510</load_address>
         <run_address>0x5510</run_address>
         <size>0x29d</size>
         <input_file_ref idref="fl-3"/>
      </object_component>
      <object_component id="oc-10">
         <name>.debug_info</name>
         <load_address>0x57ad</load_address>
         <run_address>0x57ad</run_address>
         <size>0xdc</size>
         <input_file_ref idref="fl-3"/>
      </object_component>
      <object_component id="oc-28">
         <name>.debug_info</name>
         <load_address>0x5889</load_address>
         <run_address>0x5889</run_address>
         <size>0x258</size>
         <input_file_ref idref="fl-3"/>
      </object_component>
      <object_component id="oc-33">
         <name>.debug_info</name>
         <load_address>0x5ae1</load_address>
         <run_address>0x5ae1</run_address>
         <size>0x84</size>
         <input_file_ref idref="fl-3"/>
      </object_component>
      <object_component id="oc-254">
         <name>.debug_info</name>
         <load_address>0x5b65</load_address>
         <run_address>0x5b65</run_address>
         <size>0x240</size>
         <input_file_ref idref="fl-9"/>
      </object_component>
      <object_component id="oc-342">
         <name>.debug_info</name>
         <load_address>0x5da5</load_address>
         <run_address>0x5da5</run_address>
         <size>0x167</size>
         <input_file_ref idref="fl-9"/>
      </object_component>
      <object_component id="oc-345">
         <name>.debug_info</name>
         <load_address>0x5f0c</load_address>
         <run_address>0x5f0c</run_address>
         <size>0x169</size>
         <input_file_ref idref="fl-9"/>
      </object_component>
      <object_component id="oc-2dd">
         <name>.debug_info</name>
         <load_address>0x6075</load_address>
         <run_address>0x6075</run_address>
         <size>0x15b</size>
         <input_file_ref idref="fl-9"/>
      </object_component>
      <object_component id="oc-d3">
         <name>.debug_info</name>
         <load_address>0x61d0</load_address>
         <run_address>0x61d0</run_address>
         <size>0x2a3</size>
         <input_file_ref idref="fl-9"/>
      </object_component>
      <object_component id="oc-271">
         <name>.debug_info</name>
         <load_address>0x6473</load_address>
         <run_address>0x6473</run_address>
         <size>0x2b3</size>
         <input_file_ref idref="fl-9"/>
      </object_component>
      <object_component id="oc-137">
         <name>.debug_info</name>
         <load_address>0x6726</load_address>
         <run_address>0x6726</run_address>
         <size>0x316</size>
         <input_file_ref idref="fl-9"/>
      </object_component>
      <object_component id="oc-1d6">
         <name>.debug_info</name>
         <load_address>0x6a3c</load_address>
         <run_address>0x6a3c</run_address>
         <size>0x27b</size>
         <input_file_ref idref="fl-9"/>
      </object_component>
      <object_component id="oc-11c">
         <name>.debug_info</name>
         <load_address>0x6cb7</load_address>
         <run_address>0x6cb7</run_address>
         <size>0x2b7</size>
         <input_file_ref idref="fl-9"/>
      </object_component>
      <object_component id="oc-131">
         <name>.debug_info</name>
         <load_address>0x6f6e</load_address>
         <run_address>0x6f6e</run_address>
         <size>0x285</size>
         <input_file_ref idref="fl-9"/>
      </object_component>
      <object_component id="oc-1d0">
         <name>.debug_info</name>
         <load_address>0x71f3</load_address>
         <run_address>0x71f3</run_address>
         <size>0x280</size>
         <input_file_ref idref="fl-9"/>
      </object_component>
      <object_component id="oc-27d">
         <name>.debug_info</name>
         <load_address>0x7473</load_address>
         <run_address>0x7473</run_address>
         <size>0x298</size>
         <input_file_ref idref="fl-9"/>
      </object_component>
      <object_component id="oc-13d">
         <name>.debug_info</name>
         <load_address>0x770b</load_address>
         <run_address>0x770b</run_address>
         <size>0x2bb</size>
         <input_file_ref idref="fl-9"/>
      </object_component>
      <object_component id="oc-125">
         <name>.debug_info</name>
         <load_address>0x79c6</load_address>
         <run_address>0x79c6</run_address>
         <size>0x27f</size>
         <input_file_ref idref="fl-9"/>
      </object_component>
      <object_component id="oc-143">
         <name>.debug_info</name>
         <load_address>0x7c45</load_address>
         <run_address>0x7c45</run_address>
         <size>0x2cf</size>
         <input_file_ref idref="fl-9"/>
      </object_component>
      <object_component id="oc-149">
         <name>.debug_info</name>
         <load_address>0x7f14</load_address>
         <run_address>0x7f14</run_address>
         <size>0x28f</size>
         <input_file_ref idref="fl-9"/>
      </object_component>
      <object_component id="oc-12b">
         <name>.debug_info</name>
         <load_address>0x81a3</load_address>
         <run_address>0x81a3</run_address>
         <size>0x28d</size>
         <input_file_ref idref="fl-9"/>
      </object_component>
      <object_component id="oc-249">
         <name>.debug_info</name>
         <load_address>0x8430</load_address>
         <run_address>0x8430</run_address>
         <size>0x18b</size>
         <input_file_ref idref="fl-9"/>
      </object_component>
      <object_component id="oc-26e">
         <name>.debug_info</name>
         <load_address>0x85bb</load_address>
         <run_address>0x85bb</run_address>
         <size>0x20e</size>
         <input_file_ref idref="fl-a"/>
      </object_component>
      <object_component id="oc-26b">
         <name>.debug_info</name>
         <load_address>0x87c9</load_address>
         <run_address>0x87c9</run_address>
         <size>0x210</size>
         <input_file_ref idref="fl-a"/>
      </object_component>
      <object_component id="oc-339">
         <name>.debug_info</name>
         <load_address>0x89d9</load_address>
         <run_address>0x89d9</run_address>
         <size>0x157</size>
         <input_file_ref idref="fl-a"/>
      </object_component>
      <object_component id="oc-267">
         <name>.debug_info</name>
         <load_address>0x8b30</load_address>
         <run_address>0x8b30</run_address>
         <size>0x2c1</size>
         <input_file_ref idref="fl-a"/>
      </object_component>
      <object_component id="oc-1fe">
         <name>.debug_info</name>
         <load_address>0x8df1</load_address>
         <run_address>0x8df1</run_address>
         <size>0x23e</size>
         <input_file_ref idref="fl-a"/>
      </object_component>
      <object_component id="oc-10e">
         <name>.debug_info</name>
         <load_address>0x902f</load_address>
         <run_address>0x902f</run_address>
         <size>0x268</size>
         <input_file_ref idref="fl-a"/>
      </object_component>
      <object_component id="oc-25b">
         <name>.debug_info</name>
         <load_address>0x9297</load_address>
         <run_address>0x9297</run_address>
         <size>0x298</size>
         <input_file_ref idref="fl-b"/>
      </object_component>
      <object_component id="oc-250">
         <name>.debug_info</name>
         <load_address>0x952f</load_address>
         <run_address>0x952f</run_address>
         <size>0x14d</size>
         <input_file_ref idref="fl-b"/>
      </object_component>
      <object_component id="oc-fd">
         <name>.debug_info</name>
         <load_address>0x967c</load_address>
         <run_address>0x967c</run_address>
         <size>0x27d</size>
         <input_file_ref idref="fl-b"/>
      </object_component>
      <object_component id="oc-1f6">
         <name>.debug_info</name>
         <load_address>0x98f9</load_address>
         <run_address>0x98f9</run_address>
         <size>0x2db</size>
         <input_file_ref idref="fl-b"/>
      </object_component>
      <object_component id="oc-ce">
         <name>.debug_info</name>
         <load_address>0x9bd4</load_address>
         <run_address>0x9bd4</run_address>
         <size>0x2b5</size>
         <input_file_ref idref="fl-b"/>
      </object_component>
      <object_component id="oc-32c">
         <name>.debug_info</name>
         <load_address>0x9e89</load_address>
         <run_address>0x9e89</run_address>
         <size>0x5f</size>
         <input_file_ref idref="fl-b"/>
      </object_component>
      <object_component id="oc-24e">
         <name>.debug_info</name>
         <load_address>0x9ee8</load_address>
         <run_address>0x9ee8</run_address>
         <size>0x223</size>
         <input_file_ref idref="fl-c"/>
      </object_component>
      <object_component id="oc-332">
         <name>.debug_info</name>
         <load_address>0xa10b</load_address>
         <run_address>0xa10b</run_address>
         <size>0x15a</size>
         <input_file_ref idref="fl-c"/>
      </object_component>
      <object_component id="oc-335">
         <name>.debug_info</name>
         <load_address>0xa265</load_address>
         <run_address>0xa265</run_address>
         <size>0x16c</size>
         <input_file_ref idref="fl-c"/>
      </object_component>
      <object_component id="oc-d9">
         <name>.debug_info</name>
         <load_address>0xa3d1</load_address>
         <run_address>0xa3d1</run_address>
         <size>0x2ba</size>
         <input_file_ref idref="fl-c"/>
      </object_component>
      <object_component id="oc-25e">
         <name>.debug_info</name>
         <load_address>0xa68b</load_address>
         <run_address>0xa68b</run_address>
         <size>0x2eb</size>
         <input_file_ref idref="fl-c"/>
      </object_component>
      <object_component id="oc-107">
         <name>.debug_info</name>
         <load_address>0xa976</load_address>
         <run_address>0xa976</run_address>
         <size>0x2e4</size>
         <input_file_ref idref="fl-c"/>
      </object_component>
      <object_component id="oc-113">
         <name>.debug_info</name>
         <load_address>0xac5a</load_address>
         <run_address>0xac5a</run_address>
         <size>0x294</size>
         <input_file_ref idref="fl-c"/>
      </object_component>
      <object_component id="oc-c7">
         <name>.debug_info</name>
         <load_address>0xaeee</load_address>
         <run_address>0xaeee</run_address>
         <size>0x292</size>
         <input_file_ref idref="fl-c"/>
      </object_component>
      <object_component id="oc-eb">
         <name>.debug_info</name>
         <load_address>0xb180</load_address>
         <run_address>0xb180</run_address>
         <size>0x27f</size>
         <input_file_ref idref="fl-c"/>
      </object_component>
      <object_component id="oc-e3">
         <name>.debug_info</name>
         <load_address>0xb3ff</load_address>
         <run_address>0xb3ff</run_address>
         <size>0x281</size>
         <input_file_ref idref="fl-c"/>
      </object_component>
      <object_component id="oc-101">
         <name>.debug_info</name>
         <load_address>0xb680</load_address>
         <run_address>0xb680</run_address>
         <size>0x28c</size>
         <input_file_ref idref="fl-c"/>
      </object_component>
      <object_component id="oc-259">
         <name>.debug_info</name>
         <load_address>0xb90c</load_address>
         <run_address>0xb90c</run_address>
         <size>0x227</size>
         <input_file_ref idref="fl-d"/>
      </object_component>
      <object_component id="oc-391">
         <name>.debug_info</name>
         <load_address>0xbb33</load_address>
         <run_address>0xbb33</run_address>
         <size>0x157</size>
         <input_file_ref idref="fl-d"/>
      </object_component>
      <object_component id="oc-394">
         <name>.debug_info</name>
         <load_address>0xbc8a</load_address>
         <run_address>0xbc8a</run_address>
         <size>0x169</size>
         <input_file_ref idref="fl-d"/>
      </object_component>
      <object_component id="oc-2f2">
         <name>.debug_info</name>
         <load_address>0xbdf3</load_address>
         <run_address>0xbdf3</run_address>
         <size>0x27e</size>
         <input_file_ref idref="fl-d"/>
      </object_component>
      <object_component id="oc-1c6">
         <name>.debug_info</name>
         <load_address>0xc071</load_address>
         <run_address>0xc071</run_address>
         <size>0x27f</size>
         <input_file_ref idref="fl-d"/>
      </object_component>
      <object_component id="oc-1ea">
         <name>.debug_info</name>
         <load_address>0xc2f0</load_address>
         <run_address>0xc2f0</run_address>
         <size>0x2c3</size>
         <input_file_ref idref="fl-d"/>
      </object_component>
      <object_component id="oc-1f0">
         <name>.debug_info</name>
         <load_address>0xc5b3</load_address>
         <run_address>0xc5b3</run_address>
         <size>0x28f</size>
         <input_file_ref idref="fl-d"/>
      </object_component>
      <object_component id="oc-1cc">
         <name>.debug_info</name>
         <load_address>0xc842</load_address>
         <run_address>0xc842</run_address>
         <size>0x28d</size>
         <input_file_ref idref="fl-d"/>
      </object_component>
      <object_component id="oc-2eb">
         <name>.debug_info</name>
         <load_address>0xcacf</load_address>
         <run_address>0xcacf</run_address>
         <size>0x247</size>
         <input_file_ref idref="fl-d"/>
      </object_component>
      <object_component id="oc-2e5">
         <name>.debug_info</name>
         <load_address>0xcd16</load_address>
         <run_address>0xcd16</run_address>
         <size>0x249</size>
         <input_file_ref idref="fl-d"/>
      </object_component>
      <object_component id="oc-1e4">
         <name>.debug_info</name>
         <load_address>0xcf5f</load_address>
         <run_address>0xcf5f</run_address>
         <size>0x326</size>
         <input_file_ref idref="fl-d"/>
      </object_component>
      <object_component id="oc-1de">
         <name>.debug_info</name>
         <load_address>0xd285</load_address>
         <run_address>0xd285</run_address>
         <size>0x291</size>
         <input_file_ref idref="fl-d"/>
      </object_component>
      <object_component id="oc-1c0">
         <name>.debug_info</name>
         <load_address>0xd516</load_address>
         <run_address>0xd516</run_address>
         <size>0x253</size>
         <input_file_ref idref="fl-d"/>
      </object_component>
      <object_component id="oc-f7">
         <name>.debug_info</name>
         <load_address>0xd769</load_address>
         <run_address>0xd769</run_address>
         <size>0x273</size>
         <input_file_ref idref="fl-d"/>
      </object_component>
      <object_component id="oc-1ba">
         <name>.debug_info</name>
         <load_address>0xd9dc</load_address>
         <run_address>0xd9dc</run_address>
         <size>0x24d</size>
         <input_file_ref idref="fl-d"/>
      </object_component>
      <object_component id="oc-2fa">
         <name>.debug_info</name>
         <load_address>0xdc29</load_address>
         <run_address>0xdc29</run_address>
         <size>0x212</size>
         <input_file_ref idref="fl-e"/>
      </object_component>
      <object_component id="oc-29e">
         <name>.debug_info</name>
         <load_address>0xde3b</load_address>
         <run_address>0xde3b</run_address>
         <size>0x2e9</size>
         <input_file_ref idref="fl-c4"/>
      </object_component>
      <object_component id="oc-176">
         <name>.debug_info</name>
         <load_address>0xe124</load_address>
         <run_address>0xe124</run_address>
         <size>0x7c4</size>
         <input_file_ref idref="fl-c4"/>
      </object_component>
      <object_component id="oc-34d">
         <name>.debug_info</name>
         <load_address>0xe8e8</load_address>
         <run_address>0xe8e8</run_address>
         <size>0x46</size>
         <input_file_ref idref="fl-c4"/>
      </object_component>
      <object_component id="oc-28e">
         <name>.debug_info</name>
         <load_address>0xe92e</load_address>
         <run_address>0xe92e</run_address>
         <size>0x39</size>
         <input_file_ref idref="fl-c4"/>
      </object_component>
      <object_component id="oc-2a3">
         <name>.debug_info</name>
         <load_address>0xe967</load_address>
         <run_address>0xe967</run_address>
         <size>0x2e9</size>
         <input_file_ref idref="fl-c5"/>
      </object_component>
      <object_component id="oc-185">
         <name>.debug_info</name>
         <load_address>0xec50</load_address>
         <run_address>0xec50</run_address>
         <size>0x6a4</size>
         <input_file_ref idref="fl-c5"/>
      </object_component>
      <object_component id="oc-2a1">
         <name>.debug_info</name>
         <load_address>0xf2f4</load_address>
         <run_address>0xf2f4</run_address>
         <size>0x2ca</size>
         <input_file_ref idref="fl-c6"/>
      </object_component>
      <object_component id="oc-17f">
         <name>.debug_info</name>
         <load_address>0xf5be</load_address>
         <run_address>0xf5be</run_address>
         <size>0x24d</size>
         <input_file_ref idref="fl-c6"/>
      </object_component>
      <object_component id="oc-34b">
         <name>.debug_info</name>
         <load_address>0xf80b</load_address>
         <run_address>0xf80b</run_address>
         <size>0x2f7</size>
         <input_file_ref idref="fl-c7"/>
      </object_component>
      <object_component id="oc-28b">
         <name>.debug_info</name>
         <load_address>0xfb02</load_address>
         <run_address>0xfb02</run_address>
         <size>0x131</size>
         <input_file_ref idref="fl-c7"/>
      </object_component>
      <object_component id="oc-15a">
         <name>.debug_info</name>
         <load_address>0xfc33</load_address>
         <run_address>0xfc33</run_address>
         <size>0x4ac</size>
         <input_file_ref idref="fl-c7"/>
      </object_component>
      <object_component id="oc-2bd">
         <name>.debug_info</name>
         <load_address>0x100df</load_address>
         <run_address>0x100df</run_address>
         <size>0x39b</size>
         <input_file_ref idref="fl-c8"/>
      </object_component>
      <object_component id="oc-194">
         <name>.debug_info</name>
         <load_address>0x1047a</load_address>
         <run_address>0x1047a</run_address>
         <size>0x79b</size>
         <input_file_ref idref="fl-c8"/>
      </object_component>
      <object_component id="oc-2bf">
         <name>.debug_info</name>
         <load_address>0x10c15</load_address>
         <run_address>0x10c15</run_address>
         <size>0x39b</size>
         <input_file_ref idref="fl-c9"/>
      </object_component>
      <object_component id="oc-19a">
         <name>.debug_info</name>
         <load_address>0x10fb0</load_address>
         <run_address>0x10fb0</run_address>
         <size>0x796</size>
         <input_file_ref idref="fl-c9"/>
      </object_component>
      <object_component id="oc-170">
         <name>.debug_info</name>
         <load_address>0x11746</load_address>
         <run_address>0x11746</run_address>
         <size>0x14f</size>
         <input_file_ref idref="fl-ca"/>
      </object_component>
      <object_component id="oc-2ac">
         <name>.debug_info</name>
         <load_address>0x11895</load_address>
         <run_address>0x11895</run_address>
         <size>0x12b</size>
         <input_file_ref idref="fl-cb"/>
      </object_component>
      <object_component id="oc-286">
         <name>.debug_info</name>
         <load_address>0x119c0</load_address>
         <run_address>0x119c0</run_address>
         <size>0x12d</size>
         <input_file_ref idref="fl-cb"/>
      </object_component>
      <object_component id="oc-165">
         <name>.debug_info</name>
         <load_address>0x11aed</load_address>
         <run_address>0x11aed</run_address>
         <size>0x13d</size>
         <input_file_ref idref="fl-cc"/>
      </object_component>
      <object_component id="oc-162">
         <name>.debug_info</name>
         <load_address>0x11c2a</load_address>
         <run_address>0x11c2a</run_address>
         <size>0x13d</size>
         <input_file_ref idref="fl-cd"/>
      </object_component>
      <object_component id="oc-16a">
         <name>.debug_info</name>
         <load_address>0x11d67</load_address>
         <run_address>0x11d67</run_address>
         <size>0x131</size>
         <input_file_ref idref="fl-ce"/>
      </object_component>
      <object_component id="oc-17a">
         <name>.debug_info</name>
         <load_address>0x11e98</load_address>
         <run_address>0x11e98</run_address>
         <size>0x141</size>
         <input_file_ref idref="fl-cf"/>
      </object_component>
      <object_component id="oc-157">
         <name>.debug_info</name>
         <load_address>0x11fd9</load_address>
         <run_address>0x11fd9</run_address>
         <size>0x12f</size>
         <input_file_ref idref="fl-d0"/>
      </object_component>
      <object_component id="oc-18f">
         <name>.debug_info</name>
         <load_address>0x12108</load_address>
         <run_address>0x12108</run_address>
         <size>0x12f</size>
         <input_file_ref idref="fl-d1"/>
      </object_component>
      <object_component id="oc-8b">
         <name>.debug_info</name>
         <load_address>0x12237</load_address>
         <run_address>0x12237</run_address>
         <size>0x31e</size>
         <input_file_ref idref="fl-d2"/>
      </object_component>
      <object_component id="oc-4c">
         <name>.debug_info</name>
         <load_address>0x12555</load_address>
         <run_address>0x12555</run_address>
         <size>0x1b5</size>
         <input_file_ref idref="fl-d2"/>
      </object_component>
      <object_component id="oc-86">
         <name>.debug_info</name>
         <load_address>0x1270a</load_address>
         <run_address>0x1270a</run_address>
         <size>0x46</size>
         <input_file_ref idref="fl-d2"/>
      </object_component>
      <object_component id="oc-bd">
         <name>.debug_info</name>
         <load_address>0x12750</load_address>
         <run_address>0x12750</run_address>
         <size>0x2c</size>
         <input_file_ref idref="fl-d2"/>
      </object_component>
      <object_component id="oc-43">
         <name>.debug_info</name>
         <load_address>0x1277c</load_address>
         <run_address>0x1277c</run_address>
         <size>0x2a8</size>
         <input_file_ref idref="fl-d3"/>
      </object_component>
      <object_component id="oc-1b">
         <name>.debug_info</name>
         <load_address>0x12a24</load_address>
         <run_address>0x12a24</run_address>
         <size>0x1ea</size>
         <input_file_ref idref="fl-d3"/>
      </object_component>
      <object_component id="oc-3e">
         <name>.debug_info</name>
         <load_address>0x12c0e</load_address>
         <run_address>0x12c0e</run_address>
         <size>0x46</size>
         <input_file_ref idref="fl-d3"/>
      </object_component>
      <object_component id="oc-7e">
         <name>.debug_info</name>
         <load_address>0x12c54</load_address>
         <run_address>0x12c54</run_address>
         <size>0x2c</size>
         <input_file_ref idref="fl-d3"/>
      </object_component>
      <object_component id="oc-7c">
         <name>.debug_info</name>
         <load_address>0x12c80</load_address>
         <run_address>0x12c80</run_address>
         <size>0x29e</size>
         <input_file_ref idref="fl-d4"/>
      </object_component>
      <object_component id="oc-13">
         <name>.debug_info</name>
         <load_address>0x12f1e</load_address>
         <run_address>0x12f1e</run_address>
         <size>0x250</size>
         <input_file_ref idref="fl-d4"/>
      </object_component>
      <object_component id="oc-2e">
         <name>.debug_info</name>
         <load_address>0x1316e</load_address>
         <run_address>0x1316e</run_address>
         <size>0x60</size>
         <input_file_ref idref="fl-d4"/>
      </object_component>
      <object_component id="oc-b6">
         <name>.debug_info</name>
         <load_address>0x131ce</load_address>
         <run_address>0x131ce</run_address>
         <size>0x46</size>
         <input_file_ref idref="fl-d4"/>
      </object_component>
      <object_component id="oc-77">
         <name>.debug_info</name>
         <load_address>0x13214</load_address>
         <run_address>0x13214</run_address>
         <size>0x39</size>
         <input_file_ref idref="fl-d4"/>
      </object_component>
      <object_component id="oc-356">
         <name>.debug_info</name>
         <load_address>0x1324d</load_address>
         <run_address>0x1324d</run_address>
         <size>0x289</size>
         <input_file_ref idref="fl-d5"/>
      </object_component>
      <object_component id="oc-353">
         <name>.debug_info</name>
         <load_address>0x134d6</load_address>
         <run_address>0x134d6</run_address>
         <size>0x10e</size>
         <input_file_ref idref="fl-d5"/>
      </object_component>
      <object_component id="oc-29b">
         <name>.debug_info</name>
         <load_address>0x135e4</load_address>
         <run_address>0x135e4</run_address>
         <size>0x14e</size>
         <input_file_ref idref="fl-d5"/>
      </object_component>
      <object_component id="oc-22">
         <name>.debug_info</name>
         <load_address>0x13732</load_address>
         <run_address>0x13732</run_address>
         <size>0x10b</size>
         <input_file_ref idref="fl-d6"/>
      </object_component>
      <object_component id="oc-58">
         <name>.debug_info</name>
         <load_address>0x1383d</load_address>
         <run_address>0x1383d</run_address>
         <size>0x1af</size>
         <input_file_ref idref="fl-d6"/>
      </object_component>
      <object_component id="oc-20c">
         <name>.debug_info</name>
         <load_address>0x139ec</load_address>
         <run_address>0x139ec</run_address>
         <size>0x122</size>
         <input_file_ref idref="fl-d7"/>
      </object_component>
      <object_component id="oc-2d7">
         <name>.debug_info</name>
         <load_address>0x13b0e</load_address>
         <run_address>0x13b0e</run_address>
         <size>0x2b9</size>
         <input_file_ref idref="fl-da"/>
      </object_component>
      <object_component id="oc-1b2">
         <name>.debug_info</name>
         <load_address>0x13dc7</load_address>
         <run_address>0x13dc7</run_address>
         <size>0x17c</size>
         <input_file_ref idref="fl-da"/>
      </object_component>
      <object_component id="oc-389">
         <name>.debug_info</name>
         <load_address>0x13f43</load_address>
         <run_address>0x13f43</run_address>
         <size>0xf9</size>
         <input_file_ref idref="fl-db"/>
      </object_component>
      <object_component id="oc-2d4">
         <name>.debug_info</name>
         <load_address>0x1403c</load_address>
         <run_address>0x1403c</run_address>
         <size>0x105</size>
         <input_file_ref idref="fl-db"/>
      </object_component>
      <object_component id="oc-2d2">
         <name>.debug_info</name>
         <load_address>0x14141</load_address>
         <run_address>0x14141</run_address>
         <size>0x2a4</size>
         <input_file_ref idref="fl-dc"/>
      </object_component>
      <object_component id="oc-1ad">
         <name>.debug_info</name>
         <load_address>0x143e5</load_address>
         <run_address>0x143e5</run_address>
         <size>0x252</size>
         <input_file_ref idref="fl-dc"/>
      </object_component>
      <object_component id="oc-2d0">
         <name>.debug_info</name>
         <load_address>0x14637</load_address>
         <run_address>0x14637</run_address>
         <size>0x2fe</size>
         <input_file_ref idref="fl-dd"/>
      </object_component>
      <object_component id="oc-2cd">
         <name>.debug_info</name>
         <load_address>0x14935</load_address>
         <run_address>0x14935</run_address>
         <size>0x105</size>
         <input_file_ref idref="fl-dd"/>
      </object_component>
      <object_component id="oc-1a8">
         <name>.debug_info</name>
         <load_address>0x14a3a</load_address>
         <run_address>0x14a3a</run_address>
         <size>0x1ab</size>
         <input_file_ref idref="fl-dd"/>
      </object_component>
      <object_component id="oc-370">
         <name>.debug_info</name>
         <load_address>0x14be5</load_address>
         <run_address>0x14be5</run_address>
         <size>0x3aa</size>
         <input_file_ref idref="fl-de"/>
      </object_component>
      <object_component id="oc-36d">
         <name>.debug_info</name>
         <load_address>0x14f8f</load_address>
         <run_address>0x14f8f</run_address>
         <size>0x13a</size>
         <input_file_ref idref="fl-de"/>
      </object_component>
      <object_component id="oc-2b1">
         <name>.debug_info</name>
         <load_address>0x150c9</load_address>
         <run_address>0x150c9</run_address>
[...]
      </symbol>
      <symbol id="sm-239">
         <name>DelayFunction</name>
         <value>0x7ad</value>
         <object_component_ref idref="oc-98"/>
      </symbol>
      <symbol id="sm-23a">
         <name>PreReleaseStep</name>
         <value>0x23c1</value>
         <object_component_ref idref="oc-98"/>
      </symbol>
      <symbol id="sm-23b">
         <name>ClassificationProcess</name>
         <value>0x8b1</value>
         <object_component_ref idref="oc-98"/>
      </symbol>
      <symbol id="sm-23c">
         <name>ConfigUART</name>
         <value>0x260d</value>
         <object_component_ref idref="oc-98"/>
      </symbol>
      <symbol id="sm-23d">
         <name>ConfigTimer_2</name>
         <value>0x95f</value>
         <object_component_ref idref="oc-98"/>
      </symbol>
      <symbol id="sm-23e">
         <name>ConfigTimer_3</name>
         <value>0x989</value>
         <object_component_ref idref="oc-98"/>
      </symbol>
      <symbol id="sm-23f">
         <name>ConfigTimer_1</name>
         <value>0x935</value>
         <object_component_ref idref="oc-98"/>
      </symbol>
      <symbol id="sm-240">
         <name>ConfigTimer_6</name>
         <value>0xa15</value>
         <object_component_ref idref="oc-98"/>
      </symbol>
      <symbol id="sm-241">
         <name>ConfigTimer_7</name>
         <value>0xa3f</value>
         <object_component_ref idref="oc-98"/>
      </symbol>
      <symbol id="sm-242">
         <name>ConfigTimer_4</name>
         <value>0x9c1</value>
         <object_component_ref idref="oc-98"/>
      </symbol>
      <symbol id="sm-243">
         <name>ConfigTimer_5</name>
         <value>0x9eb</value>
         <object_component_ref idref="oc-98"/>
      </symbol>
      <symbol id="sm-244">
         <name>ConfigTimer_8</name>
         <value>0xa69</value>
         <object_component_ref idref="oc-98"/>
      </symbol>
      <symbol id="sm-245">
         <name>ConfigServoMotor_2</name>
         <value>0xabd</value>
         <object_component_ref idref="oc-98"/>
      </symbol>
      <symbol id="sm-246">
         <name>ConfigServoMotor_3</name>
         <value>0xadd</value>
         <object_component_ref idref="oc-98"/>
      </symbol>
      <symbol id="sm-247">
         <name>ConfigServoMotor_1</name>
         <value>0xa9d</value>
         <object_component_ref idref="oc-98"/>
      </symbol>
      <symbol id="sm-248">
         <name>ConfigServoMotor_6</name>
         <value>0xb41</value>
         <object_component_ref idref="oc-98"/>
      </symbol>
      <symbol id="sm-249">
         <name>ConfigServoMotor_4</name>
         <value>0xaf9</value>
         <object_component_ref idref="oc-98"/>
      </symbol>
      <symbol id="sm-24a">
         <name>ConfigServoMotor_5</name>
         <value>0xb19</value>
         <object_component_ref idref="oc-98"/>
      </symbol>
      <symbol id="sm-26b">
         <name>ResetISR</name>
         <value>0x5c63</value>
         <object_component_ref idref="oc-24"/>
      </symbol>
      <symbol id="sm-26c">
         <name>g_pfnVectors</name>
         <value>0x0</value>
         <object_component_ref idref="oc-f"/>
      </symbol>
      <symbol id="sm-302">
         <name>GPIOIntRegister</name>
         <value>0x5b0d</value>
         <object_component_ref idref="oc-142"/>
      </symbol>
      <symbol id="sm-303">
         <name>GPIOPinConfigure</name>
         <value>0x578d</value>
         <object_component_ref idref="oc-1cf"/>
      </symbol>
      <symbol id="sm-304">
         <name>GPIOIntEnable</name>
         <value>0x5c4b</value>
         <object_component_ref idref="oc-148"/>
      </symbol>
      <symbol id="sm-305">
         <name>GPIOIntTypeSet</name>
         <value>0x569d</value>
         <object_component_ref idref="oc-13c"/>
      </symbol>
      <symbol id="sm-306">
         <name>GPIOPinTypeGPIOInput</name>
         <value>0x5bc1</value>
         <object_component_ref idref="oc-130"/>
      </symbol>
      <symbol id="sm-307">
         <name>GPIOIntClear</name>
         <value>0x5ca5</value>
         <object_component_ref idref="oc-12a"/>
      </symbol>
      <symbol id="sm-308">
         <name>GPIOPinTypeUART</name>
         <value>0x5bd3</value>
         <object_component_ref idref="oc-1d5"/>
      </symbol>
      <symbol id="sm-309">
         <name>GPIOIntStatus</name>
         <value>0x5c07</value>
         <object_component_ref idref="oc-124"/>
      </symbol>
      <symbol id="sm-30a">
         <name>GPIOPinTypeGPIOOutput</name>
         <value>0x5b25</value>
         <object_component_ref idref="oc-11b"/>
      </symbol>
      <symbol id="sm-30b">
         <name>GPIODirModeSet</name>
         <value>0x5a73</value>
         <object_component_ref idref="oc-270"/>
      </symbol>
      <symbol id="sm-30c">
         <name>GPIOPinWrite</name>
         <value>0x5cab</value>
         <object_component_ref idref="oc-d2"/>
      </symbol>
      <symbol id="sm-30d">
         <name>GPIOPadConfigSet</name>
         <value>0x4ca3</value>
         <object_component_ref idref="oc-136"/>
      </symbol>
      <symbol id="sm-34f">
         <name>IntEnable</name>
         <value>0x556d</value>
         <object_component_ref idref="oc-10c"/>
      </symbol>
      <symbol id="sm-350">
         <name>IntRegister</name>
         <value>0x59dd</value>
         <object_component_ref idref="oc-263"/>
      </symbol>
      <symbol id="sm-351">
         <name>g_pfnRAMVectors</name>
         <value>0x20000000</value>
         <object_component_ref idref="oc-338"/>
      </symbol>
      <symbol id="sm-352">
         <name>IntMasterEnable</name>
         <value>0x5bf7</value>
         <object_component_ref idref="oc-1fa"/>
      </symbol>
      <symbol id="sm-3a4">
         <name>SysCtlClockSet</name>
         <value>0x51e9</value>
         <object_component_ref idref="oc-1f4"/>
      </symbol>
      <symbol id="sm-3a5">
         <name>SysCtlDelay</name>
         <value>0x5cb1</value>
         <object_component_ref idref="oc-2f7"/>
      </symbol>
      <symbol id="sm-3a6">
         <name>SysCtlPeripheralEnable</name>
         <value>0x5a11</value>
         <object_component_ref idref="oc-fa"/>
      </symbol>
      <symbol id="sm-3a7">
         <name>SysCtlClockGet</name>
         <value>0x4dd5</value>
         <object_component_ref idref="oc-cc"/>
      </symbol>
      <symbol id="sm-40c">
         <name>TimerLoadSet</name>
         <value>0x5be5</value>
         <object_component_ref idref="oc-d8"/>
      </symbol>
      <symbol id="sm-40d">
         <name>TimerDisable</name>
         <value>0x5b3d</value>
         <object_component_ref idref="oc-e2"/>
      </symbol>
      <symbol id="sm-40e">
         <name>TimerIntRegister</name>
         <value>0x5b55</value>
         <object_component_ref idref="oc-106"/>
      </symbol>
      <symbol id="sm-40f">
         <name>TimerEnable</name>
         <value>0x5c15</value>
         <object_component_ref idref="oc-ea"/>
      </symbol>
      <symbol id="sm-410">
         <name>TimerIntEnable</name>
         <value>0x5c8d</value>
         <object_component_ref idref="oc-112"/>
      </symbol>
      <symbol id="sm-411">
         <name>TimerConfigure</name>
         <value>0x563d</value>
         <object_component_ref idref="oc-100"/>
      </symbol>
      <symbol id="sm-412">
         <name>TimerIntClear</name>
         <value>0x5cbd</value>
         <object_component_ref idref="oc-c6"/>
      </symbol>
      <symbol id="sm-494">
         <name>UARTConfigSetExpClk</name>
         <value>0x581d</value>
         <object_component_ref idref="oc-1e1"/>
      </symbol>
      <symbol id="sm-495">
         <name>UARTDisable</name>
         <value>0x5aed</value>
         <object_component_ref idref="oc-2e2"/>
      </symbol>
      <symbol id="sm-496">
         <name>UARTIntEnable</name>
         <value>0x5c95</value>
         <object_component_ref idref="oc-1ed"/>
      </symbol>
      <symbol id="sm-497">
         <name>UARTCharsAvail</name>
         <value>0x5c23</value>
         <object_component_ref idref="oc-1bd"/>
      </symbol>
      <symbol id="sm-498">
         <name>UARTClockSourceSet</name>
         <value>0x5cb7</value>
         <object_component_ref idref="oc-1db"/>
      </symbol>
      <symbol id="sm-499">
         <name>UARTCharPut</name>
         <value>0x5c79</value>
         <object_component_ref idref="oc-f4"/>
      </symbol>
      <symbol id="sm-49a">
         <name>UARTEnable</name>
         <value>0x5b85</value>
         <object_component_ref idref="oc-2e8"/>
      </symbol>
      <symbol id="sm-49b">
         <name>UARTIntClear</name>
         <value>0x5cc1</value>
         <object_component_ref idref="oc-1c9"/>
      </symbol>
      <symbol id="sm-49c">
         <name>UARTIntStatus</name>
         <value>0x5c83</value>
         <object_component_ref idref="oc-1c3"/>
      </symbol>
      <symbol id="sm-49d">
         <name>UARTCharGet</name>
         <value>0x5c6f</value>
         <object_component_ref idref="oc-1b7"/>
      </symbol>
      <symbol id="sm-49e">
         <name>UARTIntRegister</name>
         <value>0x5b6d</value>
         <object_component_ref idref="oc-1e7"/>
      </symbol>
      <symbol id="sm-4a8">
         <name>CPUcpsie</name>
         <value>0x5c3f</value>
         <object_component_ref idref="oc-2f9"/>
      </symbol>
      <symbol id="sm-4e4">
         <name>acosl</name>
         <value>0x3aa1</value>
         <object_component_ref idref="oc-173"/>
      </symbol>
      <symbol id="sm-4e5">
         <name>acos</name>
         <value>0x3aa1</value>
         <object_component_ref idref="oc-173"/>
      </symbol>
      <symbol id="sm-514">
         <name>asinl</name>
         <value>0x3ebd</value>
         <object_component_ref idref="oc-184"/>
      </symbol>
      <symbol id="sm-515">
         <name>asin</name>
         <value>0x3ebd</value>
         <object_component_ref idref="oc-184"/>
      </symbol>
      <symbol id="sm-537">
         <name>sqrtl</name>
         <value>0x4a15</value>
         <object_component_ref idref="oc-17e"/>
      </symbol>
      <symbol id="sm-538">
         <name>sqrt</name>
         <value>0x4a15</value>
         <object_component_ref idref="oc-17e"/>
      </symbol>
      <symbol id="sm-56e">
         <name>atanl</name>
         <value>0x4291</value>
         <object_component_ref idref="oc-159"/>
      </symbol>
      <symbol id="sm-56f">
         <name>atan</name>
         <value>0x4291</value>
         <object_component_ref idref="oc-159"/>
      </symbol>
      <symbol id="sm-5c0">
         <name>cosl</name>
         <value>0x2f01</value>
         <object_component_ref idref="oc-193"/>
      </symbol>
      <symbol id="sm-5c1">
         <name>cos</name>
         <value>0x2f01</value>
         <object_component_ref idref="oc-193"/>
      </symbol>
      <symbol id="sm-60d">
         <name>sin</name>
         <value>0x34dd</value>
         <object_component_ref idref="oc-199"/>
      </symbol>
      <symbol id="sm-60e">
         <name>sinl</name>
         <value>0x34dd</value>
         <object_component_ref idref="oc-199"/>
      </symbol>
      <symbol id="sm-625">
         <name>__aeabi_dsub</name>
         <value>0x457d</value>
         <object_component_ref idref="oc-16e"/>
      </symbol>
      <symbol id="sm-626">
         <name>__aeabi_dadd</name>
         <value>0x4587</value>
         <object_component_ref idref="oc-16e"/>
      </symbol>
      <symbol id="sm-648">
         <name>__aeabi_cdcmpeq</name>
         <value>0x5379</value>
         <object_component_ref idref="oc-2ab"/>
      </symbol>
      <symbol id="sm-649">
         <name>__aeabi_cdcmple</name>
         <value>0x5379</value>
         <object_component_ref idref="oc-2ab"/>
      </symbol>
      <symbol id="sm-64a">
         <name>__aeabi_cdrcmple</name>
         <value>0x53ff</value>
         <object_component_ref idref="oc-285"/>
      </symbol>
      <symbol id="sm-65e">
         <name>__aeabi_ddiv</name>
         <value>0x4b6d</value>
         <object_component_ref idref="oc-164"/>
      </symbol>
      <symbol id="sm-669">
         <name>__aeabi_dmul</name>
         <value>0x4ff5</value>
         <object_component_ref idref="oc-15f"/>
      </symbol>
      <symbol id="sm-673">
         <name>__aeabi_d2iz</name>
         <value>0x57d5</value>
         <object_component_ref idref="oc-169"/>
      </symbol>
      <symbol id="sm-67f">
         <name>__aeabi_d2f</name>
         <value>0x54ff</value>
         <object_component_ref idref="oc-179"/>
      </symbol>
      <symbol id="sm-68a">
         <name>__aeabi_f2d</name>
         <value>0x59a5</value>
         <object_component_ref idref="oc-154"/>
      </symbol>
      <symbol id="sm-694">
         <name>__aeabi_i2d</name>
         <value>0x5a45</value>
         <object_component_ref idref="oc-18e"/>
      </symbol>
      <symbol id="sm-6ab">
         <name>__TI_zero_init</name>
         <value>0x5c57</value>
         <object_component_ref idref="oc-4a"/>
      </symbol>
      <symbol id="sm-6c2">
         <name>__TI_decompress_none</name>
         <value>0x5c31</value>
         <object_component_ref idref="oc-18"/>
      </symbol>
      <symbol id="sm-6e5">
         <name>__TI_decompress_lzss</name>
         <value>0x55d5</value>
         <object_component_ref idref="oc-12"/>
      </symbol>
      <symbol id="sm-6fb">
         <name>__aeabi_errno_addr</name>
         <value>0x5c9d</value>
         <object_component_ref idref="oc-297"/>
      </symbol>
      <symbol id="sm-6fc">
         <name>errno</name>
         <value>0x20000630</value>
         <object_component_ref idref="oc-352"/>
      </symbol>
      <symbol id="sm-70f">
         <name>__stack</name>
         <value>0x20000270</value>
         <object_component_ref idref="oc-21"/>
      </symbol>
      <symbol id="sm-710">
         <name>_c_int00_noargs</name>
         <value>0x596d</value>
         <object_component_ref idref="oc-56"/>
      </symbol>
      <symbol id="sm-71b">
         <name>C$$EXIT</name>
         <value>0x5cc9</value>
         <object_component_ref idref="oc-208"/>
      </symbol>
      <symbol id="sm-71c">
         <name>abort</name>
         <value>0x5cc9</value>
         <object_component_ref idref="oc-208"/>
      </symbol>
      <symbol id="sm-734">
         <name>atoi</name>
         <value>0x5741</value>
         <object_component_ref idref="oc-1b0"/>
      </symbol>
      <symbol id="sm-73f">
         <name>_ctypes_</name>
         <value>0x5e28</value>
         <object_component_ref idref="oc-2d3"/>
      </symbol>
      <symbol id="sm-74d">
         <name>strcpy</name>
         <value>0x5bad</value>
         <object_component_ref idref="oc-1aa"/>
      </symbol>
      <symbol id="sm-765">
         <name>strtok</name>
         <value>0x592d</value>
         <object_component_ref idref="oc-1a4"/>
      </symbol>
      <symbol id="sm-7d5">
         <name>__kernel_rem_pio2</name>
         <value>0x27c9</value>
         <object_component_ref idref="oc-2b0"/>
      </symbol>
      <symbol id="sm-7eb">
         <name>__kernel_cos</name>
         <value>0x48a9</value>
         <object_component_ref idref="oc-2a5"/>
      </symbol>
      <symbol id="sm-802">
         <name>__kernel_sin</name>
         <value>0x4735</value>
         <object_component_ref idref="oc-2b6"/>
      </symbol>
      <symbol id="sm-81f">
         <name>floorl</name>
         <value>0x50f1</value>
         <object_component_ref idref="oc-366"/>
      </symbol>
      <symbol id="sm-820">
         <name>floor</name>
         <value>0x50f1</value>
         <object_component_ref idref="oc-366"/>
      </symbol>
      <symbol id="sm-83d">
         <name>scalbn</name>
         <value>0x4ee5</value>
         <object_component_ref idref="oc-360"/>
      </symbol>
      <symbol id="sm-83e">
         <name>scalbnl</name>
         <value>0x4ee5</value>
         <object_component_ref idref="oc-360"/>
      </symbol>
      <symbol id="sm-83f">
         <name>ldexpl</name>
         <value>0x4ee5</value>
         <object_component_ref idref="oc-360"/>
      </symbol>
      <symbol id="sm-840">
         <name>ldexp</name>
         <value>0x4ee5</value>
         <object_component_ref idref="oc-360"/>
      </symbol>
      <symbol id="sm-85b">
         <name>memcpy</name>
         <value>0x52dd</value>
         <object_component_ref idref="oc-38"/>
      </symbol>
      <symbol id="sm-85c">
         <name>__aeabi_memcpy</name>
         <value>0x52dd</value>
         <object_component_ref idref="oc-38"/>
      </symbol>
      <symbol id="sm-85d">
         <name>__aeabi_memcpy8</name>
         <value>0x52dd</value>
         <object_component_ref idref="oc-38"/>
      </symbol>
      <symbol id="sm-85e">
         <name>__aeabi_memcpy4</name>
         <value>0x52dd</value>
         <object_component_ref idref="oc-38"/>
      </symbol>
      <symbol id="sm-86d">
         <name>__aeabi_memset</name>
         <value>0x5487</value>
         <object_component_ref idref="oc-8c"/>
      </symbol>
      <symbol id="sm-86e">
         <name>memset</name>
         <value>0x548d</value>
         <object_component_ref idref="oc-8c"/>
      </symbol>
      <symbol id="sm-86f">
         <name>__aeabi_memset8</name>
         <value>0x5487</value>
         <object_component_ref idref="oc-8c"/>
      </symbol>
      <symbol id="sm-870">
         <name>__aeabi_memset4</name>
         <value>0x5487</value>
         <object_component_ref idref="oc-8c"/>
      </symbol>
      <symbol id="sm-871">
         <name>__aeabi_memclr8</name>
         <value>0x5485</value>
         <object_component_ref idref="oc-8c"/>
      </symbol>
      <symbol id="sm-872">
         <name>__aeabi_memclr4</name>
         <value>0x5485</value>
         <object_component_ref idref="oc-8c"/>
      </symbol>
      <symbol id="sm-873">
         <name>__aeabi_memclr</name>
         <value>0x5485</value>
         <object_component_ref idref="oc-8c"/>
      </symbol>
      <symbol id="sm-89b">
         <name>__TI_auto_init_nobinit_nopinit</name>
         <value>0x58a9</value>
         <object_component_ref idref="oc-214"/>
      </symbol>
      <symbol id="sm-8a5">
         <name>_system_pre_init</name>
         <value>0x5cc5</value>
         <object_component_ref idref="oc-92"/>
      </symbol>
      <symbol id="sm-8b7">
         <name>strcspn</name>
         <value>0x5ac7</value>
         <object_component_ref idref="oc-2c6"/>
      </symbol>
      <symbol id="sm-8c9">
         <name>strspn</name>
         <value>0x5a9d</value>
         <object_component_ref idref="oc-2c0"/>
      </symbol>
      <symbol id="sm-8d3">
         <name>copysign</name>
         <value>0x5b99</value>
         <object_component_ref idref="oc-3cb"/>
      </symbol>
      <symbol id="sm-8d4">
         <name>copysignl</name>
         <value>0x5b99</value>
         <object_component_ref idref="oc-3cb"/>
      </symbol>
      <symbol id="sm-8d5">
         <name>__TI_static_base__</name>
         <value>0x0</value>
      </symbol>
      <symbol id="sm-8d8">
         <name>__mpu_init</name>
         <value>0x0</value>
      </symbol>
      <symbol id="sm-8d9">
         <name>_system_post_cinit</name>
         <value>0x0</value>
      </symbol>
   </symbol_table>
   <title>Link successful</title>
</link_info>
